Component: ARM Compiler 5.06 update 4 (build 422) Tool: armlink [4d35d2]

==============================================================================

Section Cross References

    main.o(.text) refers to misc.o(.text) for NVIC_PriorityGroupConfig
    main.o(.text) refers to delay.o(.text) for delay_init
    main.o(.text) refers to basicperipherals.o(.text) for BasicPreiph_Init
    main.o(.text) refers to buzzer.o(.text) for buzzer_init
    main.o(.text) refers to frictionmoterpwm.o(.text) for FrictionMoterPWM_Init
    main.o(.text) refers to usart.o(.text) for uart_init
    main.o(.text) refers to motorcan.o(.text) for MoterCanInit
    main.o(.text) refers to usart6.o(.text) for USART6_Init
    main.o(.text) refers to adc.o(.text) for temperature_ADC_init
    main.o(.text) refers to power_ctrl.o(.text) for power_ctrl_configuration
    main.o(.text) refers to timer.o(.text) for TIM5_Config
    main.o(.text) refers to remotdbus.o(.text) for RemotDbus_Init
    main.o(.text) refers to calibrate_task.o(.text) for cali_param_init
    main.o(.text) refers to start_task.o(.text) for StartTask
    main.o(.text) refers to tasks.o(.text) for vTaskStartScheduler
    stm32f4xx_it.o(.text) refers to stm32f4xx_exti.o(.text) for EXTI_GetITStatus
    stm32f4xx_it.o(.text) refers to stm32f4xx_usart.o(.text) for USART_GetITStatus
    stm32f4xx_it.o(.text) refers to stm32f4xx_dma.o(.text) for DMA_GetCurrentMemoryTarget
    stm32f4xx_it.o(.text) refers to remotdbus.o(.text) for SBUS_TO_RC
    stm32f4xx_it.o(.text) refers to detect_task.o(.text) for DetectHook
    stm32f4xx_it.o(.text) refers to stm32f4xx_can.o(.text) for CAN_GetITStatus
    stm32f4xx_it.o(.text) refers to motorcan.o(.text) for CAN_hook
    stm32f4xx_it.o(.text) refers to stm32f4xx_tim.o(.text) for TIM_GetITStatus
    stm32f4xx_it.o(.text) refers to stm32f4xx_it.o(.data) for this_time_rx_len
    stm32f4xx_it.o(.text) refers to remotdbus.o(.bss) for rc_ctrl
    system_stm32f4xx.o(.text) refers to system_stm32f4xx.o(.data) for SystemCoreClock
    basicperipherals.o(.text) refers to stm32f4xx_rcc.o(.text) for RCC_AHB1PeriphClockCmd
    basicperipherals.o(.text) refers to stm32f4xx_gpio.o(.text) for GPIO_Init
    basicperipherals.o(.text) refers to stm32f4xx_syscfg.o(.text) for SYSCFG_EXTILineConfig
    basicperipherals.o(.text) refers to stm32f4xx_exti.o(.text) for EXTI_Init
    basicperipherals.o(.text) refers to misc.o(.text) for NVIC_Init
    basicperipherals.o(.text) refers to tasks.o(.text) for vTaskDelay
    basicperipherals.o(.text) refers to stm32f4xx_tim.o(.text) for TIM_ARRPreloadConfig
    basicperipherals.o(.text) refers to basicperipherals.o(.data) for FreeRTOSRunTimeTicks
    remotdbus.o(.text) refers to stm32f4xx_rcc.o(.text) for RCC_AHB1PeriphClockCmd
    remotdbus.o(.text) refers to stm32f4xx_gpio.o(.text) for GPIO_Init
    remotdbus.o(.text) refers to stm32f4xx_usart.o(.text) for USART_DeInit
    remotdbus.o(.text) refers to misc.o(.text) for NVIC_Init
    remotdbus.o(.text) refers to stm32f4xx_dma.o(.text) for DMA_Cmd
    remotdbus.o(.text) refers to remotdbus.o(.bss) for sbus_rx_buffer
    frictionmoterpwm.o(.text) refers to stm32f4xx_rcc.o(.text) for RCC_APB1PeriphClockCmd
    frictionmoterpwm.o(.text) refers to stm32f4xx_gpio.o(.text) for GPIO_PinAFConfig
    frictionmoterpwm.o(.text) refers to stm32f4xx_tim.o(.text) for TIM_TimeBaseInit
    motorcan.o(.text) refers to stm32f4xx_rcc.o(.text) for RCC_APB1PeriphClockCmd
    motorcan.o(.text) refers to stm32f4xx_gpio.o(.text) for GPIO_Init
    motorcan.o(.text) refers to misc.o(.text) for NVIC_Init
    motorcan.o(.text) refers to stm32f4xx_can.o(.text) for CAN_DeInit
    motorcan.o(.text) refers to detect_task.o(.text) for DetectHook
    motorcan.o(.text) refers to motorcan.o(.bss) for motor_chassis
    motorcan.o(.text) refers to motorcan.o(.data) for i
    stmflash.o(.text) refers to stm32f4xx_flash.o(.text) for FLASH_Unlock
    adc.o(.text) refers to stm32f4xx_adc.o(.text) for ADC_Init
    adc.o(.text) refers to stm32f4xx_rcc.o(.text) for RCC_APB2PeriphClockCmd
    buzzer.o(.text) refers to stm32f4xx_tim.o(.text) for TIM_SetCompare1
    buzzer.o(.text) refers to stm32f4xx_rcc.o(.text) for RCC_APB1PeriphClockCmd
    buzzer.o(.text) refers to stm32f4xx_gpio.o(.text) for GPIO_PinAFConfig
    exit_init.o(.text) refers to stm32f4xx_rcc.o(.text) for RCC_AHB1PeriphClockCmd
    exit_init.o(.text) refers to stm32f4xx_syscfg.o(.text) for SYSCFG_EXTILineConfig
    exit_init.o(.text) refers to stm32f4xx_gpio.o(.text) for GPIO_Init
    exit_init.o(.text) refers to stm32f4xx_exti.o(.text) for EXTI_Init
    exit_init.o(.text) refers to misc.o(.text) for NVIC_Init
    flash.o(.text) refers to stm32f4xx_flash.o(.text) for FLASH_Unlock
    flash.o(.text) refers to flash.o(.data) for SectorsWRPStatus
    spi.o(.text) refers to stm32f4xx_rcc.o(.text) for RCC_AHB1PeriphClockCmd
    spi.o(.text) refers to stm32f4xx_gpio.o(.text) for GPIO_Init
    spi.o(.text) refers to stm32f4xx_spi.o(.text) for SPI_Init
[...]
    TIM_SelectCCDMA                          0x08005223   Thumb Code    24  stm32f4xx_tim.o(.text)
    TIM_InternalClockConfig                  0x0800523b   Thumb Code    12  stm32f4xx_tim.o(.text)
    TIM_SelectInputTrigger                   0x08005247   Thumb Code    18  stm32f4xx_tim.o(.text)
    TIM_ITRxExternalClockConfig              0x08005259   Thumb Code    24  stm32f4xx_tim.o(.text)
    TIM_TIxExternalClockConfig               0x08005271   Thumb Code    62  stm32f4xx_tim.o(.text)
    TIM_ETRConfig                            0x080052af   Thumb Code    28  stm32f4xx_tim.o(.text)
    TIM_ETRClockMode1Config                  0x080052cb   Thumb Code    54  stm32f4xx_tim.o(.text)
    TIM_ETRClockMode2Config                  0x08005301   Thumb Code    32  stm32f4xx_tim.o(.text)
    TIM_SelectOutputTrigger                  0x08005321   Thumb Code    18  stm32f4xx_tim.o(.text)
    TIM_SelectSlaveMode                      0x08005333   Thumb Code    18  stm32f4xx_tim.o(.text)
    TIM_SelectMasterSlaveMode                0x08005345   Thumb Code    18  stm32f4xx_tim.o(.text)
    TIM_EncoderInterfaceConfig               0x08005357   Thumb Code    66  stm32f4xx_tim.o(.text)
    TIM_SelectHallSensor                     0x08005399   Thumb Code    24  stm32f4xx_tim.o(.text)
    TIM_RemapConfig                          0x080053b1   Thumb Code     6  stm32f4xx_tim.o(.text)
    SPI_I2S_DeInit                           0x080053b9   Thumb Code   152  stm32f4xx_spi.o(.text)
    SPI_Init                                 0x08005451   Thumb Code    60  stm32f4xx_spi.o(.text)
    I2S_Init                                 0x0800548d   Thumb Code   396  stm32f4xx_spi.o(.text)
    SPI_StructInit                           0x08005619   Thumb Code    24  stm32f4xx_spi.o(.text)
    I2S_StructInit                           0x08005631   Thumb Code    20  stm32f4xx_spi.o(.text)
    SPI_Cmd                                  0x08005645   Thumb Code    24  stm32f4xx_spi.o(.text)
    I2S_Cmd                                  0x0800565d   Thumb Code    24  stm32f4xx_spi.o(.text)
    SPI_DataSizeConfig                       0x08005675   Thumb Code    18  stm32f4xx_spi.o(.text)
    SPI_BiDirectionalLineConfig              0x08005687   Thumb Code    28  stm32f4xx_spi.o(.text)
    SPI_NSSInternalSoftwareConfig            0x080056a3   Thumb Code    30  stm32f4xx_spi.o(.text)
    SPI_SSOutputCmd                          0x080056c1   Thumb Code    24  stm32f4xx_spi.o(.text)
    SPI_TIModeCmd                            0x080056d9   Thumb Code    14  stm32f4xx_spi.o(.text)
    I2S_FullDuplexConfig                     0x080056e7   Thumb Code    80  stm32f4xx_spi.o(.text)
    SPI_I2S_ReceiveData                      0x08005737   Thumb Code     6  stm32f4xx_spi.o(.text)
    SPI_I2S_SendData                         0x0800573d   Thumb Code     4  stm32f4xx_spi.o(.text)
    SPI_I2S_GetFlagStatus                    0x08005741   Thumb Code    18  stm32f4xx_spi.o(.text)
    SPI_TransmitReceive                      0x08005753   Thumb Code   156  stm32f4xx_spi.o(.text)
    SPI_CalculateCRC                         0x080057ef   Thumb Code    24  stm32f4xx_spi.o(.text)
    SPI_TransmitCRC                          0x08005807   Thumb Code    10  stm32f4xx_spi.o(.text)
    SPI_GetCRC                               0x08005811   Thumb Code    16  stm32f4xx_spi.o(.text)
    SPI_GetCRCPolynomial                     0x08005821   Thumb Code     6  stm32f4xx_spi.o(.text)
    SPI_I2S_DMACmd                           0x08005827   Thumb Code    18  stm32f4xx_spi.o(.text)
    SPI_I2S_ITConfig                         0x08005839   Thumb Code    32  stm32f4xx_spi.o(.text)
    SPI_I2S_ClearFlag                        0x08005859   Thumb Code     6  stm32f4xx_spi.o(.text)
    SPI_I2S_GetITStatus                      0x0800585f   Thumb Code    52  stm32f4xx_spi.o(.text)
    SPI_I2S_ClearITPendingBit                0x08005893   Thumb Code    20  stm32f4xx_spi.o(.text)
    FLASH_SetLatency                         0x080058a9   Thumb Code     6  stm32f4xx_flash.o(.text)
    FLASH_PrefetchBufferCmd                  0x080058af   Thumb Code    30  stm32f4xx_flash.o(.text)
    FLASH_InstructionCacheCmd                0x080058cd   Thumb Code    30  stm32f4xx_flash.o(.text)
    FLASH_DataCacheCmd                       0x080058eb   Thumb Code    30  stm32f4xx_flash.o(.text)
    FLASH_InstructionCacheReset              0x08005909   Thumb Code    14  stm32f4xx_flash.o(.text)
    FLASH_DataCacheReset                     0x08005917   Thumb Code    14  stm32f4xx_flash.o(.text)
    FLASH_Unlock                             0x08005925   Thumb Code    26  stm32f4xx_flash.o(.text)
    FLASH_Lock                               0x0800593f   Thumb Code    18  stm32f4xx_flash.o(.text)
    FLASH_GetStatus                          0x08005951   Thumb Code    90  stm32f4xx_flash.o(.text)
    FLASH_WaitForLastOperation               0x080059ab   Thumb Code    34  stm32f4xx_flash.o(.text)
    FLASH_EraseSector                        0x080059cd   Thumb Code   140  stm32f4xx_flash.o(.text)
    FLASH_EraseAllSectors                    0x08005a59   Thumb Code   118  stm32f4xx_flash.o(.text)
    FLASH_EraseAllBank1Sectors               0x08005acf   Thumb Code   112  stm32f4xx_flash.o(.text)
    FLASH_EraseAllBank2Sectors               0x08005b3f   Thumb Code   112  stm32f4xx_flash.o(.text)
    FLASH_ProgramDoubleWord                  0x08005baf   Thumb Code    86  stm32f4xx_flash.o(.text)
    FLASH_ProgramWord                        0x08005c05   Thumb Code    82  stm32f4xx_flash.o(.text)
    FLASH_ProgramHalfWord                    0x08005c57   Thumb Code    96  stm32f4xx_flash.o(.text)
    FLASH_ProgramByte                        0x08005cb7   Thumb Code    70  stm32f4xx_flash.o(.text)
    FLASH_OB_Unlock                          0x08005cfd   Thumb Code    26  stm32f4xx_flash.o(.text)
    FLASH_OB_Lock                            0x08005d17   Thumb Code    18  stm32f4xx_flash.o(.text)
    FLASH_OB_WRPConfig                       0x08005d29   Thumb Code    54  stm32f4xx_flash.o(.text)
    FLASH_OB_WRP1Config                      0x08005d5f   Thumb Code    54  stm32f4xx_flash.o(.text)
    FLASH_OB_PCROPSelectionConfig            0x08005d95   Thumb Code    24  stm32f4xx_flash.o(.text)
    FLASH_OB_PCROPConfig                     0x08005dad   Thumb Code    54  stm32f4xx_flash.o(.text)
    FLASH_OB_PCROP1Config                    0x08005de3   Thumb Code    54  stm32f4xx_flash.o(.text)
    FLASH_OB_RDPConfig                       0x08005e19   Thumb Code    24  stm32f4xx_flash.o(.text)
    FLASH_OB_UserConfig                      0x08005e31   Thumb Code    46  stm32f4xx_flash.o(.text)
    FLASH_OB_BootConfig                      0x08005e5f   Thumb Code    26  stm32f4xx_flash.o(.text)
    FLASH_OB_BORConfig                       0x08005e79   Thumb Code    26  stm32f4xx_flash.o(.text)
    FLASH_OB_Launch                          0x08005e93   Thumb Code    30  stm32f4xx_flash.o(.text)
    FLASH_OB_GetUser                         0x08005eb1   Thumb Code    12  stm32f4xx_flash.o(.text)
    FLASH_OB_GetWRP                          0x08005ebd   Thumb Code     8  stm32f4xx_flash.o(.text)
    FLASH_OB_GetWRP1                         0x08005ec5   Thumb Code     8  stm32f4xx_flash.o(.text)
    FLASH_OB_GetPCROP                        0x08005ecd   Thumb Code     8  stm32f4xx_flash.o(.text)
    FLASH_OB_GetPCROP1                       0x08005ed5   Thumb Code     8  stm32f4xx_flash.o(.text)
    FLASH_OB_GetRDP                          0x08005edd   Thumb Code    20  stm32f4xx_flash.o(.text)
    FLASH_OB_GetBOR                          0x08005ef1   Thumb Code    12  stm32f4xx_flash.o(.text)
    FLASH_ITConfig                           0x08005efd   Thumb Code    26  stm32f4xx_flash.o(.text)
    FLASH_GetFlagStatus                      0x08005f17   Thumb Code    22  stm32f4xx_flash.o(.text)
    FLASH_ClearFlag                          0x08005f2d   Thumb Code     8  stm32f4xx_flash.o(.text)
    EXTI_DeInit                              0x08005f41   Thumb Code    28  stm32f4xx_exti.o(.text)
    EXTI_Init                                0x08005f5d   Thumb Code   142  stm32f4xx_exti.o(.text)
    EXTI_StructInit                          0x08005feb   Thumb Code    16  stm32f4xx_exti.o(.text)
    EXTI_GenerateSWInterrupt                 0x08005ffb   Thumb Code    16  stm32f4xx_exti.o(.text)
    EXTI_GetFlagStatus                       0x0800600b   Thumb Code    22  stm32f4xx_exti.o(.text)
    EXTI_ClearFlag                           0x08006021   Thumb Code     8  stm32f4xx_exti.o(.text)
    EXTI_GetITStatus                         0x08006029   Thumb Code    22  stm32f4xx_exti.o(.text)
    EXTI_ClearITPendingBit                   0x0800603f   Thumb Code     8  stm32f4xx_exti.o(.text)
    ADC_DeInit                               0x08006051   Thumb Code    22  stm32f4xx_adc.o(.text)
    ADC_Init                                 0x08006067   Thumb Code    74  stm32f4xx_adc.o(.text)
    ADC_StructInit                           0x080060b1   Thumb Code    20  stm32f4xx_adc.o(.text)
    ADC_CommonInit                           0x080060c5   Thumb Code    34  stm32f4xx_adc.o(.text)
    ADC_CommonStructInit                     0x080060e7   Thumb Code    12  stm32f4xx_adc.o(.text)
    ADC_Cmd                                  0x080060f3   Thumb Code    22  stm32f4xx_adc.o(.text)
    ADC_AnalogWatchdogCmd                    0x08006109   Thumb Code    16  stm32f4xx_adc.o(.text)
    ADC_AnalogWatchdogThresholdsConfig       0x08006119   Thumb Code     6  stm32f4xx_adc.o(.text)
    ADC_AnalogWatchdogSingleChannelConfig    0x0800611f   Thumb Code    16  stm32f4xx_adc.o(.text)
    ADC_TempSensorVrefintCmd                 0x0800612f   Thumb Code    34  stm32f4xx_adc.o(.text)
    ADC_VBATCmd                              0x08006151   Thumb Code    34  stm32f4xx_adc.o(.text)
    ADC_RegularChannelConfig                 0x08006173   Thumb Code   184  stm32f4xx_adc.o(.text)
    ADC_SoftwareStartConv                    0x0800622b   Thumb Code    10  stm32f4xx_adc.o(.text)
    ADC_GetSoftwareStartConvStatus           0x08006235   Thumb Code    20  stm32f4xx_adc.o(.text)
    ADC_EOCOnEachRegularChannelCmd           0x08006249   Thumb Code    22  stm32f4xx_adc.o(.text)
    ADC_ContinuousModeCmd                    0x0800625f   Thumb Code    22  stm32f4xx_adc.o(.text)
    ADC_DiscModeChannelCountConfig           0x08006275   Thumb Code    24  stm32f4xx_adc.o(.text)
    ADC_DiscModeCmd                          0x0800628d   Thumb Code    22  stm32f4xx_adc.o(.text)
    ADC_GetConversionValue                   0x080062a3   Thumb Code     8  stm32f4xx_adc.o(.text)
    ADC_GetMultiModeConversionValue          0x080062ab   Thumb Code     8  stm32f4xx_adc.o(.text)
    ADC_DMACmd                               0x080062b3   Thumb Code    22  stm32f4xx_adc.o(.text)
    ADC_DMARequestAfterLastTransferCmd       0x080062c9   Thumb Code    22  stm32f4xx_adc.o(.text)
    ADC_MultiModeDMARequestAfterLastTransferCmd 0x080062df   Thumb Code    34  stm32f4xx_adc.o(.text)
    ADC_InjectedChannelConfig                0x08006301   Thumb Code   130  stm32f4xx_adc.o(.text)
    ADC_InjectedSequencerLengthConfig        0x08006383   Thumb Code    24  stm32f4xx_adc.o(.text)
    ADC_SetInjectedOffset                    0x0800639b   Thumb Code    20  stm32f4xx_adc.o(.text)
    ADC_ExternalTrigInjectedConvConfig       0x080063af   Thumb Code    16  stm32f4xx_adc.o(.text)
    ADC_ExternalTrigInjectedConvEdgeConfig   0x080063bf   Thumb Code    16  stm32f4xx_adc.o(.text)
    ADC_SoftwareStartInjectedConv            0x080063cf   Thumb Code    10  stm32f4xx_adc.o(.text)
    ADC_GetSoftwareStartInjectedConvCmdStatus 0x080063d9   Thumb Code    20  stm32f4xx_adc.o(.text)
    ADC_AutoInjectedConvCmd                  0x080063ed   Thumb Code    22  stm32f4xx_adc.o(.text)
    ADC_InjectedDiscModeCmd                  0x08006403   Thumb Code    22  stm32f4xx_adc.o(.text)
    ADC_GetInjectedConversionValue           0x08006419   Thumb Code    28  stm32f4xx_adc.o(.text)
    ADC_ITConfig                             0x08006435   Thumb Code    56  stm32f4xx_adc.o(.text)
    ADC_GetFlagStatus                        0x0800646d   Thumb Code    18  stm32f4xx_adc.o(.text)
    ADC_ClearFlag                            0x0800647f   Thumb Code     6  stm32f4xx_adc.o(.text)
    ADC_GetITStatus                          0x08006485   Thumb Code    38  stm32f4xx_adc.o(.text)
    ADC_ClearITPendingBit                    0x080064ab   Thumb Code    10  stm32f4xx_adc.o(.text)
    pvPortMalloc                             0x08006577   Thumb Code   296  heap_4.o(.text)
    vPortFree                                0x0800669f   Thumb Code   140  heap_4.o(.text)
    xPortGetFreeHeapSize                     0x0800672b   Thumb Code     6  heap_4.o(.text)
    xPortGetMinimumEverFreeHeapSize          0x08006731   Thumb Code     6  heap_4.o(.text)
    vPortInitialiseBlocks                    0x08006737   Thumb Code     2  heap_4.o(.text)
    pxPortInitialiseStack                    0x0800678d   Thumb Code    38  port.o(.text)
    vPortSetupTimerInterrupt                 0x080067b3   Thumb Code    36  port.o(.text)
    xPortStartScheduler                      0x080067d7   Thumb Code   330  port.o(.text)
    vPortEndScheduler                        0x08006921   Thumb Code    42  port.o(.text)
    vPortEnterCritical                       0x0800694b   Thumb Code    78  port.o(.text)
    vPortExitCritical                        0x08006999   Thumb Code    56  port.o(.text)
    xPortSysTickHandler                      0x080069d1   Thumb Code    48  port.o(.text)
    vPortValidateInterruptPriority           0x08006a01   Thumb Code   108  port.o(.text)
    vListInitialise                          0x08006a91   Thumb Code    26  list.o(.text)
    vListInitialiseItem                      0x08006aab   Thumb Code     6  list.o(.text)
    vListInsertEnd                           0x08006ab1   Thumb Code    24  list.o(.text)
    vListInsert                              0x08006ac9   Thumb Code    52  list.o(.text)
    uxListRemove                             0x08006afd   Thumb Code    40  list.o(.text)
    xQueueGenericReset                       0x08006b25   Thumb Code   146  queue.o(.text)
    xQueueGenericCreate                      0x08006be1   Thumb Code    90  queue.o(.text)
    xQueueGenericSend                        0x08006d55   Thumb Code   420  queue.o(.text)
    xQueueCreateMutex                        0x08006f17   Thumb Code    34  queue.o(.text)
    xQueueGiveMutexRecursive                 0x08006f39   Thumb Code    78  queue.o(.text)
    xQueueSemaphoreTake                      0x08006fb5   Thumb Code   434  queue.o(.text)
    xQueueTakeMutexRecursive                 0x08007167   Thumb Code    78  queue.o(.text)
    xQueueCreateCountingSemaphore            0x080071b5   Thumb Code    92  queue.o(.text)
    xQueueGenericSendFromISR                 0x08007211   Thumb Code   248  queue.o(.text)
    xQueueGiveFromISR                        0x08007309   Thumb Code   224  queue.o(.text)
    xQueueReceive                            0x08007413   Thumb Code   362  queue.o(.text)
    xQueuePeek                               0x0800757d   Thumb Code   362  queue.o(.text)
    xQueueReceiveFromISR                     0x080076e7   Thumb Code   202  queue.o(.text)
    xQueuePeekFromISR                        0x080077b1   Thumb Code   176  queue.o(.text)
    uxQueueMessagesWaiting                   0x08007861   Thumb Code    42  queue.o(.text)
    uxQueueSpacesAvailable                   0x0800788b   Thumb Code    52  queue.o(.text)
    uxQueueMessagesWaitingFromISR            0x080078bf   Thumb Code    34  queue.o(.text)
    vQueueUnregisterQueue                    0x080078e1   Thumb Code    44  queue.o(.text)
    vQueueDelete                             0x0800790d   Thumb Code    44  queue.o(.text)
    uxQueueGetQueueNumber                    0x08007939   Thumb Code     6  queue.o(.text)
    vQueueSetQueueNumber                     0x0800793f   Thumb Code     4  queue.o(.text)
    ucQueueGetQueueType                      0x08007943   Thumb Code     8  queue.o(.text)
    xQueueIsQueueEmptyFromISR                0x0800794b   Thumb Code    42  queue.o(.text)
    xQueueIsQueueFullFromISR                 0x08007975   Thumb Code    46  queue.o(.text)
    vQueueAddToRegistry                      0x080079a3   Thumb Code    38  queue.o(.text)
    pcQueueGetName                           0x080079c9   Thumb Code    38  queue.o(.text)
    vQueueWaitForMessageRestricted           0x080079ef   Thumb Code    74  queue.o(.text)
    xTaskCreate                              0x08007bed   Thumb Code    96  tasks.o(.text)
    vTaskDelete                              0x08007c89   Thumb Code   202  tasks.o(.text)
    xTaskIncrementTick                       0x08007d53   Thumb Code   360  tasks.o(.text)
    xTaskResumeAll                           0x08007ebb   Thumb Code   224  tasks.o(.text)
    vTaskSuspendAll                          0x08008017   Thumb Code    12  tasks.o(.text)
    vTaskDelayUntil                          0x08008023   Thumb Code   200  tasks.o(.text)
    vTaskDelay                               0x080080eb   Thumb Code    82  tasks.o(.text)
    eTaskGetState                            0x0800813d   Thumb Code   128  tasks.o(.text)
    uxTaskPriorityGet                        0x080081bd   Thumb Code    30  tasks.o(.text)
    uxTaskPriorityGetFromISR                 0x080081db   Thumb Code    62  tasks.o(.text)
    vTaskPrioritySet                         0x08008219   Thumb Code   324  tasks.o(.text)
    vTaskSwitchContext                       0x0800835d   Thumb Code   170  tasks.o(.text)
    vTaskSuspend                             0x08008407   Thumb Code   210  tasks.o(.text)
    vTaskResume                              0x08008529   Thumb Code   128  tasks.o(.text)
    xTaskResumeFromISR                       0x080085a9   Thumb Code   158  tasks.o(.text)
    vTaskStartScheduler                      0x080086e1   Thumb Code   122  tasks.o(.text)
    vTaskEndScheduler                        0x0800875b   Thumb Code    32  tasks.o(.text)
    xTaskGetTickCount                        0x0800877b   Thumb Code     6  tasks.o(.text)
    xTaskGetTickCountFromISR                 0x08008781   Thumb Code    16  tasks.o(.text)
    uxTaskGetNumberOfTasks                   0x08008791   Thumb Code     6  tasks.o(.text)
    pcTaskGetName                            0x08008797   Thumb Code    44  tasks.o(.text)
    xTaskGetHandle                           0x08008873   Thumb Code   142  tasks.o(.text)
    vTaskGetInfo                             0x08008917   Thumb Code   126  tasks.o(.text)
    uxTaskGetSystemState                     0x080089ff   Thumb Code   154  tasks.o(.text)
    vTaskPlaceOnEventList                    0x08008a99   Thumb Code   112  tasks.o(.text)
    vTaskPlaceOnUnorderedEventList           0x08008b09   Thumb Code   100  tasks.o(.text)
    vTaskPlaceOnEventListRestricted          0x08008b6d   Thumb Code    60  tasks.o(.text)
    xTaskRemoveFromEventList                 0x08008ba9   Thumb Code   128  tasks.o(.text)
    vTaskRemoveFromUnorderedEventList        0x08008c29   Thumb Code   142  tasks.o(.text)
    vTaskSetTimeOutState                     0x08008cb7   Thumb Code    50  tasks.o(.text)
    vTaskInternalSetTimeOutState             0x08008ce9   Thumb Code    14  tasks.o(.text)
    xTaskCheckForTimeOut                     0x08008cf7   Thumb Code   132  tasks.o(.text)
    vTaskMissedYield                         0x08008d7b   Thumb Code     8  tasks.o(.text)
    uxTaskGetTaskNumber                      0x08008d83   Thumb Code    14  tasks.o(.text)
    vTaskSetTaskNumber                       0x08008d91   Thumb Code     8  tasks.o(.text)
    xTaskGetCurrentTaskHandle                0x08008d99   Thumb Code     6  tasks.o(.text)
    xTaskGetSchedulerState                   0x08008d9f   Thumb Code    24  tasks.o(.text)
    xTaskPriorityInherit                     0x08008db7   Thumb Code   186  tasks.o(.text)
    xTaskPriorityDisinherit                  0x08008e71   Thumb Code   228  tasks.o(.text)
    vTaskPriorityDisinheritAfterTimeout      0x08008f55   Thumb Code   230  tasks.o(.text)
    vTaskList                                0x08009065   Thumb Code   200  tasks.o(.text)
    vTaskGetRunTimeStats                     0x0800912d   Thumb Code   168  tasks.o(.text)
    uxTaskResetEventItemValue                0x080091d5   Thumb Code    24  tasks.o(.text)
    pvTaskIncrementMutexHeldCount            0x080091ed   Thumb Code    26  tasks.o(.text)
    ulTaskNotifyTake                         0x08009207   Thumb Code   108  tasks.o(.text)
    xTaskNotifyWait                          0x08009273   Thumb Code   150  tasks.o(.text)
    xTaskGenericNotify                       0x08009309   Thumb Code   340  tasks.o(.text)
    xTaskGenericNotifyFromISR                0x0800945d   Thumb Code   334  tasks.o(.text)
    vTaskNotifyGiveFromISR                   0x080095ab   Thumb Code   214  tasks.o(.text)
    xTaskNotifyStateClear                    0x08009681   Thumb Code    48  tasks.o(.text)
    xTimerGenericCommand                     0x0800971d   Thumb Code   126  timers.o(.text)
    xTimerCreateTimerTask                    0x08009a93   Thumb Code   118  timers.o(.text)
    xTimerCreate                             0x08009b57   Thumb Code    48  timers.o(.text)
    xTimerGetTimerDaemonTaskHandle           0x08009b87   Thumb Code    42  timers.o(.text)
    xTimerGetPeriod                          0x08009bb1   Thumb Code    32  timers.o(.text)
    xTimerGetExpiryTime                      0x08009bd1   Thumb Code    34  timers.o(.text)
    pcTimerGetName                           0x08009bf3   Thumb Code    32  timers.o(.text)
    xTimerIsTimerActive                      0x08009c13   Thumb Code    62  timers.o(.text)
    pvTimerGetTimerID                        0x08009c51   Thumb Code    44  timers.o(.text)
    vTimerSetTimerID                         0x08009c7d   Thumb Code    44  timers.o(.text)
    uxTimerGetTimerNumber                    0x08009ca9   Thumb Code     6  timers.o(.text)
    vTimerSetTimerNumber                     0x08009caf   Thumb Code     4  timers.o(.text)
    calibrate_task                           0x08009fe9   Thumb Code   348  calibrate_task.o(.text)
    get_control_temperate                    0x0800a145   Thumb Code     8  calibrate_task.o(.text)
    cali_param_init                          0x0800a231   Thumb Code   168  calibrate_task.o(.text)
    getFlashLatitude                         0x0800a37b   Thumb Code    32  calibrate_task.o(.text)
    DetectTask                               0x0800a5e1   Thumb Code   686  detect_task.o(.text)
    toe_is_error                             0x0800a88f   Thumb Code    20  detect_task.o(.text)
    DetectHook                               0x0800a8a3   Thumb Code   288  detect_task.o(.text)
    getErrorListPoint                        0x0800a9c3   Thumb Code     4  detect_task.o(.text)
    INSTask                                  0x0800ab8f   Thumb Code   828  ins_task.o(.text)
    INS_cali_gyro                            0x0800aecb   Thumb Code    96  ins_task.o(.text)
    INS_set_cali_gyro                        0x0800af2b   Thumb Code    28  ins_task.o(.text)
    get_INS_angle_point                      0x0800af47   Thumb Code     4  ins_task.o(.text)
    get_MPU6500_Gyro_Data_Point              0x0800af4b   Thumb Code     4  ins_task.o(.text)
    get_MPU6500_Accel_Data_Point             0x0800af4f   Thumb Code     4  ins_task.o(.text)
    EXTI9_5_IRQHandler                       0x0800af53   Thumb Code    32  ins_task.o(.text)
    DMA2_Stream5_IRQHandler                  0x0800af73   Thumb Code    66  ins_task.o(.text)
    PID_Init                                 0x0800afe9   Thumb Code    92  pid.o(.text)
    PID_Calc                                 0x0800b045   Thumb Code   492  pid.o(.text)
    PID_clear                                0x0800b231   Thumb Code    72  pid.o(.text)
    UsartDebugTask                           0x0800b27d   Thumb Code   118  start_task.o(.text)
    Send_ClientData_Task                     0x0800b2f3   Thumb Code    26  start_task.o(.text)
    start_task                               0x0800b30d   Thumb Code   252  start_task.o(.text)
    StartTask                                0x0800b409   Thumb Code    26  start_task.o(.text)
    invSqrt                                  0x0800b53d   Thumb Code    56  user_lib.o(.text)
    ramp_init                                0x0800b575   Thumb Code    40  user_lib.o(.text)
    ramp_calc                                0x0800b59d   Thumb Code    90  user_lib.o(.text)
    first_order_filter_init                  0x0800b5f7   Thumb Code    32  user_lib.o(.text)
    first_order_filter_cali                  0x0800b617   Thumb Code    84  user_lib.o(.text)
    abs_limit                                0x0800b66b   Thumb Code    48  user_lib.o(.text)
    sign                                     0x0800b69b   Thumb Code    26  user_lib.o(.text)
    fp32_deadline                            0x0800b6b5   Thumb Code    30  user_lib.o(.text)
    int16_deadline                           0x0800b6d3   Thumb Code    12  user_lib.o(.text)
    fp32_constrain                           0x0800b6df   Thumb Code    42  user_lib.o(.text)
    int16_constrain                          0x0800b709   Thumb Code    22  user_lib.o(.text)
    loop_fp32_constrain                      0x0800b71f   Thumb Code    96  user_lib.o(.text)
    theta_format                             0x0800b77f   Thumb Code    24  user_lib.o(.text)
    chassis_behaviour_mode_set               0x0800b7a9   Thumb Code   134  chassis_behaviour.o(.text)
    chassis_behaviour_control_set            0x0800ba83   Thumb Code   156  chassis_behaviour.o(.text)
    isChassisSwing                           0x0800bb1f   Thumb Code     6  chassis_behaviour.o(.text)
    chassis_task                             0x0800c21d   Thumb Code   204  chassis_task.o(.text)
    chassis_rc_to_control_vector             0x0800c2e9   Thumb Code   316  chassis_task.o(.text)
    GetChassisMaxOutput                      0x0800c4a5   Thumb Code    10  chassis_task.o(.text)
    getChassisGive_current                   0x0800c4af   Thumb Code     6  chassis_task.o(.text)
    IsPowerOf2                               0x0800c4c5   Thumb Code    48  circular_buffer.o(.text)
    RoundUp_PowerOf2                         0x0800c4f5   Thumb Code    56  circular_buffer.o(.text)
    RoundDown_PowerOf2                       0x0800c52d   Thumb Code    56  circular_buffer.o(.text)
    CircBuf_Init                             0x0800c565   Thumb Code    60  circular_buffer.o(.text)
    CircBuf_Alloc                            0x0800c5a1   Thumb Code    74  circular_buffer.o(.text)
    CircBuf_Free                             0x0800c5eb   Thumb Code    14  circular_buffer.o(.text)
    CircBuf_Push                             0x0800c5f9   Thumb Code   116  circular_buffer.o(.text)
    CircBuf_Pop                              0x0800c66d   Thumb Code   108  circular_buffer.o(.text)
    CircBuf_PopOneChar                       0x0800c6d9   Thumb Code    18  circular_buffer.o(.text)
    CircBuf_At                               0x0800c6eb   Thumb Code    22  circular_buffer.o(.text)
    CircBuf_Drop                             0x0800c701   Thumb Code    24  circular_buffer.o(.text)
    CircBuf_GetAvalaibleSize                 0x0800c719   Thumb Code    22  circular_buffer.o(.text)
    CircBuf_GetUsedSize                      0x0800c72f   Thumb Code    10  circular_buffer.o(.text)
    CircBuf_IsEmpty                          0x0800c739   Thumb Code    22  circular_buffer.o(.text)
    CircBuf_IsFull                           0x0800c74f   Thumb Code    26  circular_buffer.o(.text)
    Get_CRC16_Check_Sum                      0x0800c769   Thumb Code    46  referee_dispatchtask.o(.text)
    Verify_CRC16_Check_Sum                   0x0800c797   Thumb Code    60  referee_dispatchtask.o(.text)
    Get_CRC8_Check_Sum                       0x0800c7d3   Thumb Code    30  referee_dispatchtask.o(.text)
    Verify_CRC8_Check_Sum                    0x0800c7f1   Thumb Code    46  referee_dispatchtask.o(.text)
    DispchRefereeTask                        0x0800c81f   Thumb Code   564  referee_dispatchtask.o(.text)
    GetEenmyColor                            0x0800ca53   Thumb Code    42  referee_dispatchtask.o(.text)
    GetRealPower                             0x0800ca7d   Thumb Code    10  referee_dispatchtask.o(.text)
    GetPowerBuffer                           0x0800ca87   Thumb Code    14  referee_dispatchtask.o(.text)
    GetRefereeDataPoint                      0x0800ca95   Thumb Code     4  referee_dispatchtask.o(.text)
    Append_CRC16_Check_Sum                   0x0800ca99   Thumb Code    44  referee_dispatchtask.o(.text)
    Append_CRC8_Check_Sum                    0x0800cac5   Thumb Code    36  referee_dispatchtask.o(.text)
    SendDataToClient                         0x0800cae9   Thumb Code   180  referee_dispatchtask.o(.text)
    encoder_value_for_Moter                  0x0800cb9d   Thumb Code    70  tongs_control_task.o(.text)
    tongs_feedback_update                    0x0800cbe3   Thumb Code   190  tongs_control_task.o(.text)
    tongs_init                               0x0800cca1   Thumb Code   146  tongs_control_task.o(.text)
    toogs_set_contorl                        0x0800ce09   Thumb Code   980  tongs_control_task.o(.text)
    ToogsControl                             0x0800d1dd   Thumb Code   198  tongs_control_task.o(.text)
    Key_RC_Init                              0x0800d2d5   Thumb Code    12  key.o(.text)
    Key_Scan                                 0x0800d2e1   Thumb Code   204  key.o(.text)
    smallwheel_feedback_update               0x0800d3b1   Thumb Code   106  small_wheel_control_task.o(.text)
    smallwheel_init                          0x0800d41b   Thumb Code    88  small_wheel_control_task.o(.text)
    smallwheelControl                        0x0800d4eb   Thumb Code   114  small_wheel_control_task.o(.text)
    smallwheel_set_contorl                   0x0800d55d   Thumb Code    66  small_wheel_control_task.o(.text)
    Electromagnetic_valve_control_task       0x0800d5c1   Thumb Code   152  electromagnetic_valve_task.o(.text)
    Steering_Gear_Control_Task               0x0800d671   Thumb Code    82  steering_gear_control_task.o(.text)
    AHRS_get_height                          0x0800d6d1   Thumb Code    12  ahrs_middleware.o(.text)
    AHRS_get_latitude                        0x0800d6dd   Thumb Code    12  ahrs_middleware.o(.text)
    AHRS_invSqrt                             0x0800d6e9   Thumb Code    56  ahrs_middleware.o(.text)
    AHRS_sinf                                0x0800d721   Thumb Code    24  ahrs_middleware.o(.text)
    AHRS_cosf                                0x0800d739   Thumb Code    24  ahrs_middleware.o(.text)
    AHRS_tanf                                0x0800d751   Thumb Code    24  ahrs_middleware.o(.text)
    AHRS_asinf                               0x0800d769   Thumb Code    24  ahrs_middleware.o(.text)
    AHRS_acosf                               0x0800d781   Thumb Code    24  ahrs_middleware.o(.text)
    AHRS_atan2f                              0x0800d799   Thumb Code    32  ahrs_middleware.o(.text)
    ist8310_init                             0x0800d7c5   Thumb Code   140  ist8310driver.o(.text)
    ist8310_read_over                        0x0800d851   Thumb Code   126  ist8310driver.o(.text)
    ist8310_read_mag                         0x0800d8cf   Thumb Code   136  ist8310driver.o(.text)
    ist8310_GPIO_init                        0x0800d961   Thumb Code    84  ist8310driver_middleware.o(.text)
    ist8310_com_init                         0x0800d9b5   Thumb Code     2  ist8310driver_middleware.o(.text)
    ist8310_auto_com_by_mpu6500              0x0800d9b7   Thumb Code    20  ist8310driver_middleware.o(.text)
    ist8310_delay_us                         0x0800d9cb   Thumb Code    12  ist8310driver_middleware.o(.text)
    ist8310_IIC_read_single_reg              0x0800d9d7   Thumb Code    40  ist8310driver_middleware.o(.text)
    ist8310_IIC_write_single_reg             0x0800d9ff   Thumb Code    32  ist8310driver_middleware.o(.text)
    ist8310_IIC_read_muli_reg                0x0800da1f   Thumb Code    34  ist8310driver_middleware.o(.text)
    ist8310_IIC_write_muli_reg               0x0800da41   Thumb Code    42  ist8310driver_middleware.o(.text)
    ist8310_delay_ms                         0x0800da6b   Thumb Code    12  ist8310driver_middleware.o(.text)
    ist8310_RST_H                            0x0800da77   Thumb Code    12  ist8310driver_middleware.o(.text)
    ist8310_RST_L                            0x0800da83   Thumb Code    12  ist8310driver_middleware.o(.text)
    mpu6500_init                             0x0800daa1   Thumb Code   192  mpu6500driver.o(.text)
    mpu6500_read_over                        0x0800db61   Thumb Code   304  mpu6500driver.o(.text)
    gyro_offset                              0x0800dc91   Thumb Code    98  mpu6500driver.o(.text)
    mpu6500_read_gyro                        0x0800dcf3   Thumb Code   136  mpu6500driver.o(.text)
    mpu6500_read_accel                       0x0800dd7b   Thumb Code   136  mpu6500driver.o(.text)
    mpu6500_read_temp                        0x0800de03   Thumb Code    72  mpu6500driver.o(.text)
    mpu6500_GPIO_init                        0x0800de65   Thumb Code    48  mpu6500driver_middleware.o(.text)
    mpu6500_com_init                         0x0800de95   Thumb Code     8  mpu6500driver_middleware.o(.text)
    mpu6500_middleware_delay_ms              0x0800de9d   Thumb Code    12  mpu6500driver_middleware.o(.text)
    mpu6500_middleware_delay_us              0x0800dea9   Thumb Code    12  mpu6500driver_middleware.o(.text)
    mpu6500_SPI_NS_H                         0x0800deb5   Thumb Code    12  mpu6500driver_middleware.o(.text)
    mpu6500_SPI_NS_L                         0x0800dec1   Thumb Code    12  mpu6500driver_middleware.o(.text)
    mpu6500_write_single_reg                 0x0800df1b   Thumb Code    28  mpu6500driver_middleware.o(.text)
    mpu6500_read_single_reg                  0x0800df37   Thumb Code    32  mpu6500driver_middleware.o(.text)
    mpu6500_write_muli_reg                   0x0800df57   Thumb Code    52  mpu6500driver_middleware.o(.text)
    mpu6500_read_muli_reg                    0x0800df8b   Thumb Code    56  mpu6500driver_middleware.o(.text)
    arm_cos_f32                              0x0800dfcd   Thumb Code   108  arm_cos_f32.o(.text)
    arm_sin_f32                              0x0800e045   Thumb Code   104  arm_sin_f32.o(.text)
    __use_no_semihosting                     0x0800e0b9   Thumb Code     2  use_no_semi_2.o(.text)
    calloc                                   0x0800e0bb   Thumb Code    40  calloc.o(.text)
    free                                     0x0800e0e3   Thumb Code    78  h1_free.o(.text)
    __2printf                                0x0800e131   Thumb Code    20  noretval__2printf.o(.text)
    __2sprintf                               0x0800e149   Thumb Code    34  noretval__2sprintf.o(.text)
    __printf                                 0x0800e171   Thumb Code   104  __printf.o(.text)
    _printf_str                              0x0800e1d9   Thumb Code    82  _printf_str.o(.text)
    _printf_int_dec                          0x0800e22d   Thumb Code   104  _printf_dec.o(.text)
    strcpy                                   0x0800e2a5   Thumb Code    72  strcpy.o(.text)
    strlen                                   0x0800e2ed   Thumb Code    62  strlen.o(.text)
    __aeabi_memcpy                           0x0800e32b   Thumb Code     0  rt_memcpy_v6.o(.text)
    __rt_memcpy                              0x0800e32b   Thumb Code   138  rt_memcpy_v6.o(.text)
    _memcpy_lastbytes                        0x0800e391   Thumb Code     0  rt_memcpy_v6.o(.text)
    __aeabi_memcpy4                          0x0800e3b5   Thumb Code     0  rt_memcpy_w.o(.text)
    __aeabi_memcpy8                          0x0800e3b5   Thumb Code     0  rt_memcpy_w.o(.text)
    __rt_memcpy_w                            0x0800e3b5   Thumb Code   100  rt_memcpy_w.o(.text)
    _memcpy_lastbytes_aligned                0x0800e3fd   Thumb Code     0  rt_memcpy_w.o(.text)
    __aeabi_memset                           0x0800e419   Thumb Code    16  aeabi_memset.o(.text)
    __aeabi_memclr4                          0x0800e429   Thumb Code     0  rt_memclr_w.o(.text)
    __aeabi_memclr8                          0x0800e429   Thumb Code     0  rt_memclr_w.o(.text)
    __rt_memclr_w                            0x0800e429   Thumb Code    78  rt_memclr_w.o(.text)
    _memset_w                                0x0800e42d   Thumb Code     0  rt_memclr_w.o(.text)
    __use_two_region_memory                  0x0800e477   Thumb Code     2  heapauxi.o(.text)
    __rt_heap_escrow                         0x0800e479   Thumb Code     2  heapauxi.o(.text)
    __rt_heap_expand                         0x0800e47b   Thumb Code     2  heapauxi.o(.text)
    __I$use$semihosting                      0x0800e47d   Thumb Code     0  use_no_semi.o(.text)
    __use_no_semihosting_swi                 0x0800e47d   Thumb Code     2  use_no_semi.o(.text)
    __rt_heap_descriptor                     0x0800e481   Thumb Code     8  rt_heap_descriptor_intlibspace.o(.text)
    __use_no_heap                            0x0800e489   Thumb Code     2  hguard.o(.text)
    __heap$guard                             0x0800e48b   Thumb Code     2  hguard.o(.text)
    _terminate_user_alloc                    0x0800e48d   Thumb Code     2  init_alloc.o(.text)
    _init_user_alloc                         0x0800e48f   Thumb Code     2  init_alloc.o(.text)
    __Heap_Full                              0x0800e491   Thumb Code    34  init_alloc.o(.text)
    __Heap_Broken                            0x0800e4b3   Thumb Code     6  init_alloc.o(.text)
    _init_alloc                              0x0800e4b9   Thumb Code    94  init_alloc.o(.text)
    malloc                                   0x0800e517   Thumb Code    94  h1_alloc.o(.text)
    __read_errno                             0x0800e575   Thumb Code    10  _rserrno.o(.text)
    __set_errno                              0x0800e57f   Thumb Code    12  _rserrno.o(.text)
    _printf_int_common                       0x0800e58b   Thumb Code   178  _printf_intcommon.o(.text)
    __lib_sel_fp_printf                      0x0800e63d   Thumb Code     2  _printf_fp_dec.o(.text)
    _printf_fp_dec_real                      0x0800e7eb   Thumb Code   620  _printf_fp_dec.o(.text)
    _printf_char_common                      0x0800ea63   Thumb Code    32  _printf_char_common.o(.text)
    _sputc                                   0x0800ea89   Thumb Code    10  _sputc.o(.text)
    _printf_cs_common                        0x0800ea93   Thumb Code    20  _printf_char.o(.text)
    _printf_char                             0x0800eaa7   Thumb Code    16  _printf_char.o(.text)
    _printf_string                           0x0800eab7   Thumb Code     8  _printf_char.o(.text)
    _printf_char_file                        0x0800eac1   Thumb Code    32  _printf_char_file.o(.text)
    __aeabi_memclr                           0x0800eae5   Thumb Code     0  rt_memclr.o(.text)
    __rt_memclr                              0x0800eae5   Thumb Code    68  rt_memclr.o(.text)
    _memset                                  0x0800eae9   Thumb Code     0  rt_memclr.o(.text)
    __user_libspace                          0x0800eb29   Thumb Code     8  libspace.o(.text)
    __user_perproc_libspace                  0x0800eb29   Thumb Code     0  libspace.o(.text)
    __user_perthread_libspace                0x0800eb29   Thumb Code     0  libspace.o(.text)
    __rt_locale                              0x0800eb31   Thumb Code     8  rt_locale_intlibspace.o(.text)
    __aeabi_errno_addr                       0x0800eb39   Thumb Code     8  rt_errno_addr_intlibspace.o(.text)
    __errno$intlibspace                      0x0800eb39   Thumb Code     0  rt_errno_addr_intlibspace.o(.text)
    __rt_errno_addr$intlibspace              0x0800eb39   Thumb Code     0  rt_errno_addr_intlibspace.o(.text)
    __Heap_Initialize                        0x0800eb41   Thumb Code    10  h1_init.o(.text)
    __Heap_DescSize                          0x0800eb4b   Thumb Code     4  h1_init.o(.text)
    __Heap_ProvideMemory                     0x0800eb4f   Thumb Code    52  h1_extend.o(.text)
    _ll_udiv10                               0x0800eb83   Thumb Code   138  lludiv10.o(.text)
    _fp_trap                                 0x0800ec0d   Thumb Code    44  _fptrap.o(.text)
    _printf_fp_infnan                        0x0800ec3d   Thumb Code   112  _printf_fp_infnan.o(.text)
    _btod_etento                             0x0800ecbd   Thumb Code   216  bigflt0.o(.text)
    ferror                                   0x0800ed99   Thumb Code     8  ferror.o(.text)
    __rt_SIGRTMEM                            0x0800eda1   Thumb Code    14  defsig_rtmem_outer.o(.text)
    __user_setup_stackheap                   0x0800edaf   Thumb Code    74  sys_stackheap_outer.o(.text)
    exit                                     0x0800edf9   Thumb Code    18  exit.o(.text)
    __sig_exit                               0x0800ee0b   Thumb Code    10  defsig_exit.o(.text)
    __rt_SIGFPE                              0x0800ee15   Thumb Code    14  defsig_fpe_outer.o(.text)
    __rt_SIGRTMEM_inner                      0x0800ee25   Thumb Code    22  defsig_rtmem_inner.o(.text)
    strcmp                                   0x0800ee75   Thumb Code   128  strcmpv7m.o(.text)
    __default_signal_display                 0x0800eef5   Thumb Code    50  defsig_general.o(.text)
    __rt_SIGFPE_inner                        0x0800ef29   Thumb Code    62  defsig_fpe_inner.o(.text)
    _btod_d2e                                0x0800efd5   Thumb Code    62  btod.o(CL$$btod_d2e)
    _d2e_denorm_low                          0x0800f013   Thumb Code    70  btod.o(CL$$btod_d2e_denorm_low)
    _d2e_norm_op1                            0x0800f059   Thumb Code    96  btod.o(CL$$btod_d2e_norm_op1)
    __btod_div_common                        0x0800f0b9   Thumb Code   696  btod.o(CL$$btod_div_common)
    _e2e                                     0x0800f3f1   Thumb Code   198  btod.o(CL$$btod_e2e)
    _btod_ediv                               0x0800f4b7   Thumb Code    40  btod.o(CL$$btod_ediv)
    _btod_emul                               0x0800f4df   Thumb Code    40  btod.o(CL$$btod_emul)
    __btod_mult_common                       0x0800f507   Thumb Code   580  btod.o(CL$$btod_mult_common)
    AHRS_init                                0x0800f765   Thumb Code   626  ahrs.o(i.AHRS_init)
    AHRS_update                              0x0800fa01   Thumb Code   314  ahrs.o(i.AHRS_update)
    __ARM_fpclassify                         0x0800fb3b   Thumb Code    48  fpclassify.o(i.__ARM_fpclassify)
    __ARM_fpclassifyf                        0x0800fb6b   Thumb Code    38  fpclassifyf.o(i.__ARM_fpclassifyf)
    __hardfp_acosf                           0x0800fb91   Thumb Code   234  acosf.o(i.__hardfp_acosf)
    __hardfp_asinf                           0x0800fca9   Thumb Code   258  asinf.o(i.__hardfp_asinf)
    __hardfp_atan2f                          0x0800fdd5   Thumb Code   502  atan2f.o(i.__hardfp_atan2f)
    __hardfp_fabs                            0x08010025   Thumb Code    20  fabs.o(i.__hardfp_fabs)
    __hardfp_tanf                            0x08010039   Thumb Code   322  tanf.o(i.__hardfp_tanf)
    __mathlib_flt_infnan                     0x080101b5   Thumb Code     6  funder.o(i.__mathlib_flt_infnan)
    __mathlib_flt_infnan2                    0x080101bb   Thumb Code     6  funder.o(i.__mathlib_flt_infnan2)
    __mathlib_flt_invalid                    0x080101c1   Thumb Code    10  funder.o(i.__mathlib_flt_invalid)
    __mathlib_flt_underflow                  0x080101d1   Thumb Code    10  funder.o(i.__mathlib_flt_underflow)
    __mathlib_rredf2                         0x080101e1   Thumb Code   316  rredf.o(i.__mathlib_rredf2)
    get_angle                                0x080107fd   Thumb Code   232  ahrs.o(i.get_angle)
    sqrtf                                    0x08010969   Thumb Code    62  sqrtf_full.o(i.sqrtf)
    _get_lc_numeric                          0x08010a21   Thumb Code    44  lc_numeric_c.o(locale$$code)
    __aeabi_d2f                              0x08010a4d   Thumb Code     0  d2f_clz.o(x$fpl$d2f)
    _d2f                                     0x08010a4d   Thumb Code   700  d2f_clz.o(x$fpl$d2f)
    __aeabi_i2d                              0x08010d11   Thumb Code     0  dflt_clz.o(x$fpl$dflt)
    _dflt                                    0x08010d11   Thumb Code    46  dflt_clz.o(x$fpl$dflt)
    __dflt_normalise                         0x08010d3f   Thumb Code    26  dflt_clz.o(x$fpl$dfltn)
    __aeabi_dmul                             0x08010d59   Thumb Code     0  dmul_clz.o(x$fpl$dmul)
    _dmul                                    0x08010d59   Thumb Code   440  dmul_clz.o(x$fpl$dmul)
    __fpl_dnaninf                            0x08010f19   Thumb Code   258  dnaninf.o(x$fpl$dnaninf)
    __fpl_drenorm2                           0x0801101b   Thumb Code   106  drenorm_clz.o(x$fpl$drenorm)
    __fpl_drenorm1                           0x08011085   Thumb Code     6  drenorm_clz.o(x$fpl$drenorm)
    __fpl_dretinf                            0x0801108b   Thumb Code    12  dretinf.o(x$fpl$dretinf)
    __dunder                                 0x08011097   Thumb Code   314  dunder_clz.o(x$fpl$dunder)
    __dunder_d                               0x080111d1   Thumb Code    64  dunder_clz.o(x$fpl$dunder)
    __fpl_exception                          0x08011211   Thumb Code   454  except.o(x$fpl$exception)
    __aeabi_f2d                              0x080113fd   Thumb Code     0  f2d.o(x$fpl$f2d)
    _f2d                                     0x080113fd   Thumb Code   122  f2d.o(x$fpl$f2d)
    __fpl_fnaninf                            0x08011477   Thumb Code   242  fnaninf.o(x$fpl$fnaninf)
    _fp_init                                 0x08011569   Thumb Code    10  fpinit.o(x$fpl$fpinit)
    __fplib_config_fpu_vfp                   0x08011571   Thumb Code     0  fpinit.o(x$fpl$fpinit)
    __fplib_config_pureend_doubles           0x08011571   Thumb Code     0  fpinit.o(x$fpl$fpinit)
    __fpl_fretinf                            0x08011573   Thumb Code    10  fretinf.o(x$fpl$fretinf)
    __funder                                 0x0801157d   Thumb Code   254  funder_clz.o(x$fpl$funder)
    __funder_d                               0x0801167b   Thumb Code    62  funder_clz.o(x$fpl$funder)
    __ieee_status                            0x080116b9   Thumb Code    28  istatus.o(x$fpl$ieeestatus)
    _printf_fp_dec                           0x080116d9   Thumb Code     4  printf1.o(x$fpl$printf1)
    __fpl_return_NaN                         0x080116dd   Thumb Code   178  retnan.o(x$fpl$retnan)
    _fp_trapveneer                           0x0801178f   Thumb Code    36  trapv.o(x$fpl$trapveneer)
    __fpl_cmpreturn                          0x080117b3   Thumb Code    90  trapv.o(x$fpl$trapveneer)
    __I$use$fp                               0x0801180c   Number         0  usenofp.o(x$fpl$usenofp)
    CRC8_INIT                                0x080118b0   Data           1  referee_dispatchtask.o(.constdata)
    CRC8_TAB                                 0x080118b1   Data         256  referee_dispatchtask.o(.constdata)
    wCRC_Table                               0x080119b2   Data         512  referee_dispatchtask.o(.constdata)
    sinTable_f32                             0x08011c10   Data        2052  arm_common_tables.o(.constdata)
    Region$$Table$$Base                      0x080124c8   Number         0  anon$$obj.o(Region$$Table)
    Region$$Table$$Limit                     0x080124e8   Number         0  anon$$obj.o(Region$$Table)
    SystemCoreClock                          0x20000004   Data           4  system_stm32f4xx.o(.data)
    AHBPrescTable                            0x20000008   Data          16  system_stm32f4xx.o(.data)
    FreeRTOSRunTimeTicks                     0x20000018   Data           4  basicperipherals.o(.data)
    SectorsWRPStatus                         0x20000020   Data           4  flash.o(.data)
    __stdout                                 0x20000028   Data           4  usart.o(.data)
    pxCurrentTCB                             0x20000060   Data           4  tasks.o(.data)
    cali_hook_fun                            0x200000e0   Data          20  calibrate_task.o(.data)
    GIMBALTask_Handler                       0x20000194   Data           4  start_task.o(.data)
    ChassisTask_Handler                      0x200001a4   Data           4  start_task.o(.data)
    crc_fail_cnt                             0x200001b8   Data           2  referee_dispatchtask.o(.data)
    Len                                      0x200001bc   Data           4  referee_dispatchtask.o(.data)
    frame_len                                0x200001c0   Data           4  referee_dispatchtask.o(.data)
    CRC_INIT                                 0x200001c4   Data           2  referee_dispatchtask.o(.data)
    toogs_sta                                0x200001c6   Data           1  tongs_control_task.o(.data)
    timer_cnt                                0x200001c8   Data           2  tongs_control_task.o(.data)
    auto_clamp                               0x200001ca   Data           1  tongs_control_task.o(.data)
    Key_RC                                   0x200001d8   Data           4  key.o(.data)
    electromagnetic_rc                       0x200001dc   Data           4  electromagnetic_valve_task.o(.data)
    electromagnetic_key                      0x200001e0   Data           4  electromagnetic_valve_task.o(.data)
    steering_rc                              0x200001e4   Data           4  steering_gear_control_task.o(.data)
    steering_key                             0x200001e8   Data           4  steering_gear_control_task.o(.data)
    sbus_rx_buffer                           0x20000200   Data          72  remotdbus.o(.bss)
    rc_ctrl                                  0x20000248   Data          22  remotdbus.o(.bss)
    key_ide                                  0x200002b8   Data          48  timer.o(.bss)
    USART6_RxBuf0                            0x200002e8   Data        1300  usart6.o(.bss)
    USART6_RxBuf1                            0x200007fc   Data        1300  usart6.o(.bss)
    USART6_TxBuf                             0x20000d10   Data         300  usart6.o(.bss)
    USART6_TxBuff                            0x20000e3c   Data        3500  usart6.o(.bss)
    USART6_RxBuff                            0x20001be8   Data        3500  usart6.o(.bss)
    USART6_RxCBuf                            0x20002994   Data          16  usart6.o(.bss)
    USART6_TxCBuf                            0x200029a4   Data          16  usart6.o(.bss)
    xQueueRegistry                           0x200155b4   Data          64  queue.o(.bss)
    errorList                                0x20015975   Data         324  detect_task.o(.bss)
    Transmission_BufferOfUsart6              0x20015e10   Data          50  referee_dispatchtask.o(.bss)
    Referee_date1                            0x20015e42   Data          86  referee_dispatchtask.o(.bss)
    tongs_crtl                               0x20015eb4   Data         416  tongs_control_task.o(.bss)
    smallwheel_crtl                          0x20016054   Data         192  small_wheel_control_task.o(.bss)
    __libspace_start                         0x20016114   Data          96  libspace.o(.bss)
    __temporary_stack_top$libspace           0x20016174   Data           0  libspace.o(.bss)



==============================================================================

Memory Map of the image

  Image Entry point : 0x080001ad

  Load Region LR_IROM1 (Base: 0x08000000, Size: 0x00012704, Max: 0x00200000, ABSOLUTE, COMPRESSED[0x0001256c])

    Execution Region ER_IROM1 (Base: 0x08000000, Size: 0x00012504, Max: 0x00200000, ABSOLUTE)

    Base Addr    Size         Type   Attr      Idx    E Section Name        Object

    0x08000000   0x000001ac   Data   RO          929    RESET               startup_stm32f427_437xx.o
    0x080001ac   0x00000008   Code   RO         2495  * !!!main             c_w.l(__main.o)
    0x080001b4   0x00000034   Code   RO         2897    !!!scatter          c_w.l(__scatter.o)
    0x080001e8   0x0000005a   Code   RO         2895    !!dczerorl2         c_w.l(__dczerorl2.o)
    0x08000242   0x00000002   PAD
    0x08000244   0x0000001c   Code   RO         2899    !!handler_zi        c_w.l(__scatter_zi.o)
    0x08000260   0x00000000   Code   RO         2478    .ARM.Collect$$_printf_percent$$00000000  c_w.l(_printf_percent.o)
    0x08000260   0x00000006   Code   RO         2477    .ARM.Collect$$_printf_percent$$00000003  c_w.l(_printf_f.o)
    0x08000266   0x00000006   Code   RO         2475    .ARM.Collect$$_printf_percent$$00000009  c_w.l(_printf_d.o)
    0x0800026c   0x00000006   Code   RO         2476    .ARM.Collect$$_printf_percent$$0000000A  c_w.l(_printf_u.o)
    0x08000272   0x00000006   Code   RO         2474    .ARM.Collect$$_printf_percent$$00000013  c_w.l(_printf_c.o)
    0x08000278   0x00000004   Code   RO         2611    .ARM.Collect$$_printf_percent$$00000017  c_w.l(_printf_percent_end.o)
    0x0800027c   0x00000002   Code   RO         2831    .ARM.Collect$$libinit$$00000000  c_w.l(libinit.o)
    0x0800027e   0x00000004   Code   RO         2751    .ARM.Collect$$libinit$$00000001  c_w.l(libinit2.o)
    0x08000282   0x00000000   Code   RO         2754    .ARM.Collect$$libinit$$00000004  c_w.l(libinit2.o)
    0x08000282   0x00000008   Code   RO         2755    .ARM.Collect$$libinit$$00000005  c_w.l(libinit2.o)
    0x0800028a   0x00000000   Code   RO         2757    .ARM.Collect$$libinit$$0000000A  c_w.l(libinit2.o)
    0x0800028a   0x00000000   Code   RO         2759    .ARM.Collect$$libinit$$0000000C  c_w.l(libinit2.o)
    0x0800028a   0x00000000   Code   RO         2761    .ARM.Collect$$libinit$$0000000E  c_w.l(libinit2.o)
    0x0800028a   0x00000006   Code   RO         2762    .ARM.Collect$$libinit$$0000000F  c_w.l(libinit2.o)
    0x08000290   0x00000000   Code   RO         2764    .ARM.Collect$$libinit$$00000011  c_w.l(libinit2.o)
    0x08000290   0x00000000   Code   RO         2766    .ARM.Collect$$libinit$$00000013  c_w.l(libinit2.o)
    0x08000290   0x00000000   Code   RO         2768    .ARM.Collect$$libinit$$00000015  c_w.l(libinit2.o)
    0x08000290   0x0000000a   Code   RO         2769    .ARM.Collect$$libinit$$00000016  c_w.l(libinit2.o)
    0x0800029a   0x00000000   Code   RO         2770    .ARM.Collect$$libinit$$00000017  c_w.l(libinit2.o)
    0x0800029a   0x00000000   Code   RO         2772    .ARM.Collect$$libinit$$00000019  c_w.l(libinit2.o)
    0x0800029a   0x00000000   Code   RO         2774    .ARM.Collect$$libinit$$0000001B  c_w.l(libinit2.o)
    0x0800029a   0x00000000   Code   RO         2776    .ARM.Collect$$libinit$$0000001D  c_w.l(libinit2.o)
    0x0800029a   0x00000000   Code   RO         2778    .ARM.Collect$$libinit$$0000001F  c_w.l(libinit2.o)
    0x0800029a   0x00000000   Code   RO         2780    .ARM.Collect$$libinit$$00000021  c_w.l(libinit2.o)
    0x0800029a   0x00000000   Code   RO         2782    .ARM.Collect$$libinit$$00000023  c_w.l(libinit2.o)
    0x0800029a   0x00000000   Code   RO         2784    .ARM.Collect$$libinit$$00000025  c_w.l(libinit2.o)
    0x0800029a   0x00000000   Code   RO         2788    .ARM.Collect$$libinit$$0000002C  c_w.l(libinit2.o)
    0x0800029a   0x00000000   Code   RO         2790    .ARM.Collect$$libinit$$0000002E  c_w.l(libinit2.o)
    0x0800029a   0x00000000   Code   RO         2792    .ARM.Collect$$libinit$$00000030  c_w.l(libinit2.o)
    0x0800029a   0x00000000   Code   RO         2794    .ARM.Collect$$libinit$$00000032  c_w.l(libinit2.o)
    0x0800029a   0x00000002   Code   RO         2795    .ARM.Collect$$libinit$$00000033  c_w.l(libinit2.o)
    0x0800029c   0x00000002   Code   RO         2892    .ARM.Collect$$libshutdown$$00000000  c_w.l(libshutdown.o)
    0x0800029e   0x00000000   Code   RO         2852    .ARM.Collect$$libshutdown$$00000002  c_w.l(libshutdown2.o)
    0x0800029e   0x00000000   Code   RO         2854    .ARM.Collect$$libshutdown$$00000004  c_w.l(libshutdown2.o)
    0x0800029e   0x00000000   Code   RO         2857    .ARM.Collect$$libshutdown$$00000007  c_w.l(libshutdown2.o)
    0x0800029e   0x00000000   Code   RO         2860    .ARM.Collect$$libshutdown$$0000000A  c_w.l(libshutdown2.o)
    0x0800029e   0x00000000   Code   RO         2862    .ARM.Collect$$libshutdown$$0000000C  c_w.l(libshutdown2.o)
    0x0800029e   0x00000000   Code   RO         2865    .ARM.Collect$$libshutdown$$0000000F  c_w.l(libshutdown2.o)
    0x0800029e   0x00000002   Code   RO         2866    .ARM.Collect$$libshutdown$$00000010  c_w.l(libshutdown2.o)
    0x080002a0   0x00000000   Code   RO         2569    .ARM.Collect$$rtentry$$00000000  c_w.l(__rtentry.o)
    0x080002a0   0x00000000   Code   RO         2668    .ARM.Collect$$rtentry$$00000002  c_w.l(__rtentry2.o)
    0x080002a0   0x00000006   Code   RO         2680    .ARM.Collect$$rtentry$$00000004  c_w.l(__rtentry4.o)
    0x080002a6   0x00000000   Code   RO         2670    .ARM.Collect$$rtentry$$00000009  c_w.l(__rtentry2.o)
    0x080002a6   0x00000004   Code   RO         2671    .ARM.Collect$$rtentry$$0000000A  c_w.l(__rtentry2.o)
    0x080002aa   0x00000000   Code   RO         2673    .ARM.Collect$$rtentry$$0000000C  c_w.l(__rtentry2.o)
    0x080002aa   0x00000008   Code   RO         2674    .ARM.Collect$$rtentry$$0000000D  c_w.l(__rtentry2.o)
    0x080002b2   0x00000002   Code   RO         2835    .ARM.Collect$$rtexit$$00000000  c_w.l(rtexit.o)
    0x080002b4   0x00000000   Code   RO         2868    .ARM.Collect$$rtexit$$00000002  c_w.l(rtexit2.o)
    0x080002b4   0x00000004   Code   RO         2869    .ARM.Collect$$rtexit$$00000003  c_w.l(rtexit2.o)
    0x080002b8   0x00000006   Code   RO         2870    .ARM.Collect$$rtexit$$00000004  c_w.l(rtexit2.o)
    0x080002be   0x00000002   PAD
    0x080002c0   0x000000be   Code   RO         1236    .emb_text           port.o
    0x0800037e   0x00000002   PAD
    0x08000380   0x00000000   Code   RO         2692    .emb_text           c_w.l(maybetermalloc1.o)
    0x08000380   0x0000007e   Code   RO            3    .text               main.o
    0x080003fe   0x00000002   PAD
    0x08000400   0x000001d4   Code   RO          253    .text               stm32f4xx_it.o
    0x080005d4   0x00000244   Code   RO          336    .text               system_stm32f4xx.o
    0x08000818   0x0000045c   Code   RO          465    .text               basicperipherals.o
    0x08000c74   0x0000035c   Code   RO          491    .text               remotdbus.o
    0x08000fd0   0x00000130   Code   RO          543    .text               frictionmoterpwm.o
    0x08001100   0x00000518   Code   RO          566    .text               motorcan.o
    0x08001618   0x0000010c   Code   RO          615    .text               adc.o
    0x08001724   0x000000d8   Code   RO          647    .text               buzzer.o
    0x080017fc   0x00000088   Code   RO          670    .text               exit_init.o
    0x08001884   0x0000057c   Code   RO          693    .text               flash.o
    0x08001e00   0x00000250   Code   RO          719    .text               spi.o
    0x08002050   0x000003f4   Code   RO          742    .text               timer.o
    0x08002444   0x00000094   Code   RO          765    .text               power_ctrl.o
    0x080024d8   0x0000040c   Code   RO          788    .text               usart6.o
    0x080028e4   0x000000ec   Code   RO          828    .text               delay.o
    0x080029d0   0x000000b0   Code   RO          896    .text               usart.o
    0x08002a80   0x00000040   Code   RO          930    .text               startup_stm32f427_437xx.o
    0x08002ac0   0x000000e0   Code   RO          936    .text               misc.o
    0x08002ba0   0x00000294   Code   RO          956    .text               stm32f4xx_gpio.o
    0x08002e34   0x00000660   Code   RO          976    .text               stm32f4xx_rcc.o
    0x08003494   0x00000094   Code   RO          998    .text               stm32f4xx_syscfg.o
    0x08003528   0x00000454   Code   RO         1018    .text               stm32f4xx_usart.o
    0x0800397c   0x000009f0   Code   RO         1038    .text               stm32f4xx_can.o
    0x0800436c   0x000003a8   Code   RO         1058    .text               stm32f4xx_dma.o
    0x08004714   0x00000ca2   Code   RO         1078    .text               stm32f4xx_tim.o
    0x080053b6   0x00000002   PAD
    0x080053b8   0x000004ee   Code   RO         1098    .text               stm32f4xx_spi.o
    0x080058a6   0x00000002   PAD
    0x080058a8   0x00000698   Code   RO         1118    .text               stm32f4xx_flash.o
    0x08005f40   0x00000110   Code   RO         1158    .text               stm32f4xx_exti.o
    0x08006050   0x00000464   Code   RO         1178    .text               stm32f4xx_adc.o
    0x080064b4   0x0000029c   Code   RO         1196    .text               heap_4.o
    0x08006750   0x00000340   Code   RO         1237    .text               port.o
    0x08006a90   0x00000094   Code   RO         1305    .text               list.o
    0x08006b24   0x00000f18   Code   RO         1320    .text               queue.o
    0x08007a3c   0x00001c90   Code   RO         1368    .text               tasks.o
    0x080096cc   0x000005ec   Code   RO         1394    .text               timers.o
    0x08009cb8   0x00000708   Code   RO         1417    .text               calibrate_task.o
    0x0800a3c0   0x00000614   Code   RO         1470    .text               detect_task.o
    0x0800a9d4   0x00000614   Code   RO         1501    .text               ins_task.o
    0x0800afe8   0x00000294   Code   RO         1549    .text               pid.o
    0x0800b27c   0x000002c0   Code   RO         1572    .text               start_task.o
    0x0800b53c   0x0000026c   Code   RO         1643    .text               user_lib.o
    0x0800b7a8   0x000003b8   Code   RO         1673    .text               chassis_behaviour.o
    0x0800bb60   0x00000964   Code   RO         1710    .text               chassis_task.o
    0x0800c4c4   0x000002a4   Code   RO         1736    .text               circular_buffer.o
    0x0800c768   0x00000434   Code   RO         1753    .text               referee_dispatchtask.o
    0x0800cb9c   0x00000738   Code   RO         1794    .text               tongs_control_task.o
    0x0800d2d4   0x000000dc   Code   RO         1822    .text               key.o
    0x0800d3b0   0x00000210   Code   RO         1845    .text               small_wheel_control_task.o
    0x0800d5c0   0x000000b0   Code   RO         1872    .text               electromagnetic_valve_task.o
    0x0800d670   0x00000060   Code   RO         1896    .text               steering_gear_control_task.o
    0x0800d6d0   0x000000f4   Code   RO         1919    .text               ahrs_middleware.o
    0x0800d7c4   0x0000019c   Code   RO         2028    .text               ist8310driver.o
    0x0800d960   0x00000140   Code   RO         2056    .text               ist8310driver_middleware.o
    0x0800daa0   0x000003c4   Code   RO         2085    .text               mpu6500driver.o
    0x0800de64   0x00000168   Code   RO         2114    .text               mpu6500driver_middleware.o
    0x0800dfcc   0x00000078   Code   RO         2222    .text               arm_cortexM4lf_math.lib(arm_cos_f32.o)
    0x0800e044   0x00000074   Code   RO         2275    .text               arm_cortexM4lf_math.lib(arm_sin_f32.o)
    0x0800e0b8   0x00000002   Code   RO         2380    .text               c_w.l(use_no_semi_2.o)
    0x0800e0ba   0x00000028   Code   RO         2384    .text               c_w.l(calloc.o)
    0x0800e0e2   0x0000004e   Code   RO         2386    .text               c_w.l(h1_free.o)
    0x0800e130   0x00000018   Code   RO         2444    .text               c_w.l(noretval__2printf.o)
    0x0800e148   0x00000028   Code   RO         2446    .text               c_w.l(noretval__2sprintf.o)
    0x0800e170   0x00000068   Code   RO         2448    .text               c_w.l(__printf.o)
    0x0800e1d8   0x00000052   Code   RO         2450    .text               c_w.l(_printf_str.o)
    0x0800e22a   0x00000002   PAD
    0x0800e22c   0x00000078   Code   RO         2452    .text               c_w.l(_printf_dec.o)
    0x0800e2a4   0x00000048   Code   RO         2479    .text               c_w.l(strcpy.o)
    0x0800e2ec   0x0000003e   Code   RO         2481    .text               c_w.l(strlen.o)
    0x0800e32a   0x0000008a   Code   RO         2483    .text               c_w.l(rt_memcpy_v6.o)
    0x0800e3b4   0x00000064   Code   RO         2485    .text               c_w.l(rt_memcpy_w.o)
    0x0800e418   0x00000010   Code   RO         2489    .text               c_w.l(aeabi_memset.o)
    0x0800e428   0x0000004e   Code   RO         2491    .text               c_w.l(rt_memclr_w.o)
    0x0800e476   0x00000006   Code   RO         2493    .text               c_w.l(heapauxi.o)
    0x0800e47c   0x00000002   Code   RO         2565    .text               c_w.l(use_no_semi.o)
    0x0800e47e   0x00000002   PAD
    0x0800e480   0x00000008   Code   RO         2573    .text               c_w.l(rt_heap_descriptor_intlibspace.o)
    0x0800e488   0x00000004   Code   RO         2575    .text               c_w.l(hguard.o)
    0x0800e48c   0x0000008a   Code   RO         2577    .text               c_w.l(init_alloc.o)
    0x0800e516   0x0000005e   Code   RO         2583    .text               c_w.l(h1_alloc.o)
    0x0800e574   0x00000016   Code   RO         2597    .text               c_w.l(_rserrno.o)
    0x0800e58a   0x000000b2   Code   RO         2599    .text               c_w.l(_printf_intcommon.o)
    0x0800e63c   0x0000041a   Code   RO         2601    .text               c_w.l(_printf_fp_dec.o)
    0x0800ea56   0x00000002   PAD
    0x0800ea58   0x00000030   Code   RO         2603    .text               c_w.l(_printf_char_common.o)
    0x0800ea88   0x0000000a   Code   RO         2605    .text               c_w.l(_sputc.o)
    0x0800ea92   0x0000002c   Code   RO         2607    .text               c_w.l(_printf_char.o)
    0x0800eabe   0x00000002   PAD
    0x0800eac0   0x00000024   Code   RO         2609    .text               c_w.l(_printf_char_file.o)
    0x0800eae4   0x00000044   Code   RO         2612    .text               c_w.l(rt_memclr.o)
    0x0800eb28   0x00000008   Code   RO         2664    .text               c_w.l(libspace.o)
    0x0800eb30   0x00000008   Code   RO         2685    .text               c_w.l(rt_locale_intlibspace.o)
    0x0800eb38   0x00000008   Code   RO         2690    .text               c_w.l(rt_errno_addr_intlibspace.o)
    0x0800eb40   0x0000000e   Code   RO         2694    .text               c_w.l(h1_init.o)
    0x0800eb4e   0x00000034   Code   RO         2696    .text               c_w.l(h1_extend.o)
    0x0800eb82   0x0000008a   Code   RO         2702    .text               c_w.l(lludiv10.o)
    0x0800ec0c   0x00000030   Code   RO         2704    .text               c_w.l(_fptrap.o)
    0x0800ec3c   0x00000080   Code   RO         2706    .text               c_w.l(_printf_fp_infnan.o)
    0x0800ecbc   0x000000dc   Code   RO         2710    .text               c_w.l(bigflt0.o)
    0x0800ed98   0x00000008   Code   RO         2735    .text               c_w.l(ferror.o)
    0x0800eda0   0x0000000e   Code   RO         2742    .text               c_w.l(defsig_rtmem_outer.o)
    0x0800edae   0x0000004a   Code   RO         2804    .text               c_w.l(sys_stackheap_outer.o)
    0x0800edf8   0x00000012   Code   RO         2812    .text               c_w.l(exit.o)
    0x0800ee0a   0x0000000a   Code   RO         2814    .text               c_w.l(defsig_exit.o)
    0x0800ee14   0x0000000e   Code   RO         2816    .text               c_w.l(defsig_fpe_outer.o)
    0x0800ee22   0x00000002   PAD
    0x0800ee24   0x00000050   Code   RO         2820    .text               c_w.l(defsig_rtmem_inner.o)
    0x0800ee74   0x00000080   Code   RO         2822    .text               c_w.l(strcmpv7m.o)
    0x0800eef4   0x00000032   Code   RO         2843    .text               c_w.l(defsig_general.o)
    0x0800ef26   0x00000002   PAD
    0x0800ef28   0x000000ac   Code   RO         2845    .text               c_w.l(defsig_fpe_inner.o)
    0x0800efd4   0x0000003e   Code   RO         2713    CL$$btod_d2e        c_w.l(btod.o)
    0x0800f012   0x00000046   Code   RO         2715    CL$$btod_d2e_denorm_low  c_w.l(btod.o)
    0x0800f058   0x00000060   Code   RO         2714    CL$$btod_d2e_norm_op1  c_w.l(btod.o)
    0x0800f0b8   0x00000338   Code   RO         2723    CL$$btod_div_common  c_w.l(btod.o)
    0x0800f3f0   0x000000c6   Code   RO         2720    CL$$btod_e2e        c_w.l(btod.o)
    0x0800f4b6   0x00000028   Code   RO         2717    CL$$btod_ediv       c_w.l(btod.o)
    0x0800f4de   0x00000028   Code   RO         2716    CL$$btod_emul       c_w.l(btod.o)
    0x0800f506   0x00000244   Code   RO         2722    CL$$btod_mult_common  c_w.l(btod.o)
    0x0800f74a   0x0000001a   Code   RO         2132    i.AHRS_fabs         AHRS.lib(ahrs.o)
    0x0800f764   0x0000029c   Code   RO         2133    i.AHRS_init         AHRS.lib(ahrs.o)
    0x0800fa00   0x0000013a   Code   RO         2134    i.AHRS_update       AHRS.lib(ahrs.o)
    0x0800fb3a   0x00000030   Code   RO         2800    i.__ARM_fpclassify  m_wm.l(fpclassify.o)
    0x0800fb6a   0x00000026   Code   RO         2633    i.__ARM_fpclassifyf  m_wm.l(fpclassifyf.o)
    0x0800fb90   0x00000118   Code   RO         2511    i.__hardfp_acosf    m_wm.l(acosf.o)
    0x0800fca8   0x0000012c   Code   RO         2523    i.__hardfp_asinf    m_wm.l(asinf.o)
    0x0800fdd4   0x00000250   Code   RO         2535    i.__hardfp_atan2f   m_wm.l(atan2f.o)
    0x08010024   0x00000014   Code   RO         2547    i.__hardfp_fabs     m_wm.l(fabs.o)
    0x08010038   0x0000017c   Code   RO         2553    i.__hardfp_tanf     m_wm.l(tanf.o)
    0x080101b4   0x00000006   Code   RO         2636    i.__mathlib_flt_infnan  m_wm.l(funder.o)
    0x080101ba   0x00000006   Code   RO         2637    i.__mathlib_flt_infnan2  m_wm.l(funder.o)
    0x080101c0   0x00000010   Code   RO         2638    i.__mathlib_flt_invalid  m_wm.l(funder.o)
    0x080101d0   0x00000010   Code   RO         2641    i.__mathlib_flt_underflow  m_wm.l(funder.o)
    0x080101e0   0x00000154   Code   RO         2649    i.__mathlib_rredf2  m_wm.l(rredf.o)
    0x08010334   0x000001d0   Code   RO         2135    i.accel_comple_filter  AHRS.lib(ahrs.o)
    0x08010504   0x0000018c   Code   RO         2136    i.accel_update_kp_ki  AHRS.lib(ahrs.o)
    0x08010690   0x0000016c   Code   RO         2137    i.angle_to_quat     AHRS.lib(ahrs.o)
    0x080107fc   0x000000e8   Code   RO         2138    i.get_angle         AHRS.lib(ahrs.o)
    0x080108e4   0x00000084   Code   RO         2143    i.quat_normalization  AHRS.lib(ahrs.o)
    0x08010968   0x0000003e   Code   RO         2654    i.sqrtf             m_wm.l(sqrtf_full.o)
    0x080109a6   0x0000007a   Code   RO         2144    i.update_w          AHRS.lib(ahrs.o)
    0x08010a20   0x0000002c   Code   RO         2740    locale$$code        c_w.l(lc_numeric_c.o)
    0x08010a4c   0x000002c4   Code   RO         2497    x$fpl$d2f           g_wm.l(d2f_clz.o)
    0x08010d10   0x0000002e   Code   RO         2500    x$fpl$dflt          g_wm.l(dflt_clz.o)
    0x08010d3e   0x0000001a   Code   RO         2501    x$fpl$dfltn         g_wm.l(dflt_clz.o)
    0x08010d58   0x000001c0   Code   RO         2505    x$fpl$dmul          g_wm.l(dmul_clz.o)
    0x08010f18   0x00000102   Code   RO         2614    x$fpl$dnaninf       g_wm.l(dnaninf.o)
    0x0801101a   0x00000070   Code   RO         2616    x$fpl$drenorm       g_wm.l(drenorm_clz.o)
    0x0801108a   0x0000000c   Code   RO         2618    x$fpl$dretinf       g_wm.l(dretinf.o)
    0x08011096   0x0000017a   Code   RO         2620    x$fpl$dunder        g_wm.l(dunder_clz.o)
    0x08011210   0x000001ec   Code   RO         2622    x$fpl$exception     g_wm.l(except.o)
    0x080113fc   0x0000007a   Code   RO         2507    x$fpl$f2d           g_wm.l(f2d.o)
    0x08011476   0x000000f2   Code   RO         2624    x$fpl$fnaninf       g_wm.l(fnaninf.o)
    0x08011568   0x0000000a   Code   RO         2832    x$fpl$fpinit        g_wm.l(fpinit.o)
    0x08011572   0x0000000a   Code   RO         2626    x$fpl$fretinf       g_wm.l(fretinf.o)
    0x0801157c   0x0000013c   Code   RO         2628    x$fpl$funder        g_wm.l(funder_clz.o)
    0x080116b8   0x00000020   Code   RO         2796    x$fpl$ieeestatus    g_wm.l(istatus.o)
    0x080116d8   0x00000004   Code   RO         2509    x$fpl$printf1       g_wm.l(printf1.o)
    0x080116dc   0x000000b2   Code   RO         2798    x$fpl$retnan        g_wm.l(retnan.o)
    0x0801178e   0x0000007e   Code   RO         2630    x$fpl$trapveneer    g_wm.l(trapv.o)
    0x0801180c   0x00000000   Code   RO         2632    x$fpl$usenofp       g_wm.l(usenofp.o)
    0x0801180c   0x00000014   Data   RO          790    .constdata          usart6.o
    0x08011820   0x0000000f   Data   RO         1419    .constdata          calibrate_task.o
    0x0801182f   0x00000001   PAD
    0x08011830   0x00000030   Data   RO         1472    .constdata          detect_task.o
    0x08011860   0x00000030   Data   RO         1503    .constdata          ins_task.o
    0x08011890   0x00000020   Data   RO         1712    .constdata          chassis_task.o
    0x080118b0   0x00000302   Data   RO         1755    .constdata          referee_dispatchtask.o
    0x08011bb2   0x00000002   PAD
    0x08011bb4   0x0000000c   Data   RO         1796    .constdata          tongs_control_task.o
    0x08011bc0   0x0000000c   Data   RO         1847    .constdata          small_wheel_control_task.o
    0x08011bcc   0x0000000c   Data   RO         2029    .constdata          ist8310driver.o
    0x08011bd8   0x0000002a   Data   RO         2086    .constdata          mpu6500driver.o
    0x08011c02   0x00000002   PAD
    0x08011c04   0x0000000c   Data   RO         2145    .constdata          AHRS.lib(ahrs.o)
    0x08011c10   0x00000804   Data   RO         2355    .constdata          arm_cortexM4lf_math.lib(arm_common_tables.o)
    0x08012414   0x00000020   Data   RO         2650    .constdata          m_wm.l(rredf.o)
    0x08012434   0x00000094   Data   RO         2711    .constdata          c_w.l(bigflt0.o)
    0x080124c8   0x00000020   Data   RO         2893    Region$$Table       anon$$obj.o
    0x080124e8   0x0000001c   Data   RO         2739    locale$$data        c_w.l(lc_numeric_c.o)


    Execution Region RW_IRAM1 (Base: 0x20000000, Size: 0x00016778, Max: 0x00030000, ABSOLUTE, COMPRESSED[0x00000068])

    Base Addr    Size         Type   Attr      Idx    E Section Name        Object

    0x20000000   0x00000002   Data   RW          255    .data               stm32f4xx_it.o
    0x20000002   0x00000002   PAD
    0x20000004   0x00000014   Data   RW          337    .data               system_stm32f4xx.o
    0x20000018   0x00000004   Data   RW          466    .data               basicperipherals.o
    0x2000001c   0x00000001   Data   RW          568    .data               motorcan.o
    0x2000001d   0x00000003   PAD
    0x20000020   0x00000004   Data   RW          694    .data               flash.o
    0x20000024   0x00000004   Data   RW          829    .data               delay.o
    0x20000028   0x00000004   Data   RW          897    .data               usart.o
    0x2000002c   0x00000010   Data   RW          977    .data               stm32f4xx_rcc.o
    0x2000003c   0x00000018   Data   RW         1198    .data               heap_4.o
    0x20000054   0x0000000c   Data   RW         1238    .data               port.o
    0x20000060   0x00000044   Data   RW         1370    .data               tasks.o
    0x200000a4   0x00000014   Data   RW         1396    .data               timers.o
    0x200000b8   0x00000050   Data   RW         1420    .data               calibrate_task.o
    0x20000108   0x0000000a   Data   RW         1473    .data               detect_task.o
    0x20000112   0x00000002   PAD
    0x20000114   0x0000007c   Data   RW         1504    .data               ins_task.o
    0x20000190   0x00000018   Data   RW         1573    .data               start_task.o
    0x200001a8   0x00000010   Data   RW         1674    .data               chassis_behaviour.o
    0x200001b8   0x0000000e   Data   RW         1756    .data               referee_dispatchtask.o
    0x200001c6   0x00000012   Data   RW         1797    .data               tongs_control_task.o
    0x200001d8   0x00000004   Data   RW         1823    .data               key.o
    0x200001dc   0x00000008   Data   RW         1873    .data               electromagnetic_valve_task.o
    0x200001e4   0x0000000a   Data   RW         1897    .data               steering_gear_control_task.o
    0x200001ee   0x00000001   Data   RW         2087    .data               mpu6500driver.o
    0x200001ef   0x00000001   PAD
    0x200001f0   0x00000010   Data   RW         2146    .data               AHRS.lib(ahrs.o)
    0x20000200   0x0000005e   Zero   RW          492    .bss                remotdbus.o
    0x2000025e   0x0000005a   Zero   RW          567    .bss                motorcan.o
    0x200002b8   0x00000030   Zero   RW          743    .bss                timer.o
    0x200002e8   0x000026cc   Zero   RW          789    .bss                usart6.o
    0x200029b4   0x00012c00   Zero   RW         1197    .bss                heap_4.o
    0x200155b4   0x00000040   Zero   RW         1321    .bss                queue.o
    0x200155f4   0x000002bc   Zero   RW         1369    .bss                tasks.o
    0x200158b0   0x00000028   Zero   RW         1395    .bss                timers.o
    0x200158d8   0x0000009d   Zero   RW         1418    .bss                calibrate_task.o
    0x20015975   0x00000144   Zero   RW         1471    .bss                detect_task.o
    0x20015ab9   0x00000003   PAD
    0x20015abc   0x00000124   Zero   RW         1502    .bss                ins_task.o
    0x20015be0   0x00000230   Zero   RW         1711    .bss                chassis_task.o
    0x20015e10   0x000000a4   Zero   RW         1754    .bss                referee_dispatchtask.o
    0x20015eb4   0x000001a0   Zero   RW         1795    .bss                tongs_control_task.o
    0x20016054   0x000000c0   Zero   RW         1846    .bss                small_wheel_control_task.o
    0x20016114   0x00000060   Zero   RW         2665    .bss                c_w.l(libspace.o)
    0x20016174   0x00000004   PAD
    0x20016178   0x00000200   Zero   RW          928    HEAP                startup_stm32f427_437xx.o
    0x20016378   0x00000400   Zero   RW          927    STACK               startup_stm32f427_437xx.o


==============================================================================

Image component sizes


      Code (inc. data)   RO Data    RW Data    ZI Data      Debug   Object Name

       268         18          0          0          0       2016   adc.o
       244         12          0          0          0       3665   ahrs_middleware.o
      1116         46          0          4          0       4357   basicperipherals.o
       216          8          0          0          0       1099   buzzer.o
      1800         92         15         80        157       8543   calibrate_task.o
       952         60          0         16          0      11790   chassis_behaviour.o
      2404        104         32          0        560       6003   chassis_task.o
       676          0          0          0          0       4809   circular_buffer.o
       236          8          0          4          0       8977   delay.o
      1556         66         48         10        324       4131   detect_task.o
       176         24          0          8          0       1543   electromagnetic_valve_task.o
         0          0          0          0          0       7956   event_groups.o
       136          6          0          0          0        680   exit_init.o
      1404         94          0          4          0       4996   flash.o
       304          4          0          0          0       2019   frictionmoterpwm.o
       668         24          0         24      76800      13228   heap_4.o
      1556        190         48        124        292       7186   ins_task.o
       412         10         12          0          0       2586   ist8310driver.o
       320         18          0          0          0       3193   ist8310driver_middleware.o
       220         12          0          4          0       1400   key.o
       148          0          0          0          0       1974   list.o
       126          0          0          0          0     297763   main.o
       224         20          0          0          0       1837   misc.o
      1304         50          0          1         90       4186   motorcan.o
       964         26         42          1          0       4568   mpu6500driver.o
       360         10          0          0          0       3253   mpu6500driver_middleware.o
       660          4          0          0          0       2374   pid.o
      1022         52          0         12          0       8943   port.o
       148          4          0          0          0       1174   power_ctrl.o
      3864         20          0          0         64      21272   queue.o
      1076         42        770         14        164       8538   referee_dispatchtask.o
       860         28          0          0         94     265151   remotdbus.o
       528         34         12          0        192       3920   small_wheel_control_task.o
       592         20          0          0          0       1645   spi.o
       704        282          0         24          0      12124   start_task.o
        64         26        428          0       1536        848   startup_stm32f427_437xx.o
        96         14          0         10          0       1412   steering_gear_control_task.o
      1124         24          0          0          0      10706   stm32f4xx_adc.o
      2544         38          0          0          0       8164   stm32f4xx_can.o
       936         32          0          0          0       6413   stm32f4xx_dma.o
       272         10          0          0          0       2303   stm32f4xx_exti.o
      1688         24          0          0          0       9434   stm32f4xx_flash.o
       660         44          0          0          0       4177   stm32f4xx_gpio.o
       468         38          0          2          0     244484   stm32f4xx_it.o
      1632         54          0         16          0      13120   stm32f4xx_rcc.o
      1262         38          0          0          0       7421   stm32f4xx_spi.o
       148         12          0          0          0       1853   stm32f4xx_syscfg.o
      3234         60          0          0          0      23032   stm32f4xx_tim.o
      1108         34          0          0          0       7900   stm32f4xx_usart.o
       580         46          0         20          0      79615   system_stm32f4xx.o
      7312        402          0         68        700      32541   tasks.o
      1012         36          0          0         48       3330   timer.o
      1516         68          0         20         40      14010   timers.o
      1848        144         12         18        416       5526   tongs_control_task.o
       176         10          0          4          0       3251   usart.o
      1036         56         20          0       9932       5050   usart6.o
       620         18          0          0          0       5334   user_lib.o

    ----------------------------------------------------------------------
     56588       2616       1476        496      91412    1228823   Object Totals
         0          0         32          0          0          0   (incl. Generated)
         8          0          5          8          3          0   (incl. Padding)

    ----------------------------------------------------------------------

      Code (inc. data)   RO Data    RW Data    ZI Data      Debug   Library Member Name

      2718         84         12         16          0       9922   ahrs.o
         0          0       2052          0          0       4636   arm_common_tables.o
       120         12          0          0          0      16970   arm_cos_f32.o
       116         12          0          0          0        658   arm_sin_f32.o
        90          0          0          0          0          0   __dczerorl2.o
         8          0          0          0          0         68   __main.o
       104          0          0          0          0         84   __printf.o
         0          0          0          0          0          0   __rtentry.o
        12          0          0          0          0          0   __rtentry2.o
         6          0          0          0          0          0   __rtentry4.o
        52          8          0          0          0          0   __scatter.o
        28          0          0          0          0          0   __scatter_zi.o
        48          4          0          0          0         84   _fptrap.o
         6          0          0          0          0          0   _printf_c.o
        44          0          0          0          0        108   _printf_char.o
        48          6          0          0          0         96   _printf_char_common.o
        36          4          0          0          0         80   _printf_char_file.o
         6          0          0          0          0          0   _printf_d.o
       120         16          0          0          0         92   _printf_dec.o
         6          0          0          0          0          0   _printf_f.o
      1050          0          0          0          0        216   _printf_fp_dec.o
       128         16          0          0          0         84   _printf_fp_infnan.o
       178          0          0          0          0         88   _printf_intcommon.o
         0          0          0          0          0          0   _printf_percent.o
         4          0          0          0          0          0   _printf_percent_end.o
        82          0          0          0          0         80   _printf_str.o
         6          0          0          0          0          0   _printf_u.o
        22          0          0          0          0        100   _rserrno.o
        10          0          0          0          0         68   _sputc.o
        16          0          0          0          0         68   aeabi_memset.o
       220          4        148          0          0         96   bigflt0.o
      1910        128          0          0          0        672   btod.o
        40          0          0          0          0         80   calloc.o
        10          0          0          0          0         68   defsig_exit.o
       172        110          0          0          0         76   defsig_fpe_inner.o
        14          0          0          0          0         80   defsig_fpe_outer.o
        50          0          0          0          0         88   defsig_general.o
        80         58          0          0          0         76   defsig_rtmem_inner.o
        14          0          0          0          0         80   defsig_rtmem_outer.o
        18          0          0          0          0         80   exit.o
         8          0          0          0          0         68   ferror.o
        94          0          0          0          0         80   h1_alloc.o
        52          0          0          0          0         68   h1_extend.o
        78          0          0          0          0         80   h1_free.o
        14          0          0          0          0         84   h1_init.o
         6          0          0          0          0        152   heapauxi.o
         4          0          0          0          0        136   hguard.o
       138          0          0          0          0        168   init_alloc.o
        44         10         28          0          0         76   lc_numeric_c.o
         2          0          0          0          0          0   libinit.o
        30          0          0          0          0          0   libinit2.o
         2          0          0          0          0          0   libshutdown.o
         2          0          0          0          0          0   libshutdown2.o
         8          4          0          0         96         68   libspace.o
       138          0          0          0          0         80   lludiv10.o
         0          0          0          0          0          0   maybetermalloc1.o
        24          4          0          0          0         84   noretval__2printf.o
        40          6          0          0          0         84   noretval__2sprintf.o
         8          4          0          0          0         68   rt_errno_addr_intlibspace.o
         8          4          0          0          0         68   rt_heap_descriptor_intlibspace.o
         8          4          0          0          0         68   rt_locale_intlibspace.o
        68          0          0          0          0         68   rt_memclr.o
        78          0          0          0          0         80   rt_memclr_w.o
       138          0          0          0          0         68   rt_memcpy_v6.o
       100          0          0          0          0         80   rt_memcpy_w.o
         2          0          0          0          0          0   rtexit.o
        10          0          0          0          0          0   rtexit2.o
       128          0          0          0          0         68   strcmpv7m.o
        72          0          0          0          0         80   strcpy.o
        62          0          0          0          0         76   strlen.o
        74          0          0          0          0         80   sys_stackheap_outer.o
         2          0          0          0          0         68   use_no_semi.o
         2          0          0          0          0         68   use_no_semi_2.o
       708         16          0          0          0        140   d2f_clz.o
        72          0          0          0          0        232   dflt_clz.o
       448         16          0          0          0        164   dmul_clz.o
       258          4          0          0          0        156   dnaninf.o
       112          0          0          0          0        160   drenorm_clz.o
        12          0          0          0          0        116   dretinf.o
       378          0          0          0          0        168   dunder_clz.o
       492         36          0          0          0        148   except.o
       122          8          0          0          0        132   f2d.o
       242          4          0          0          0        144   fnaninf.o
        10          0          0          0          0        116   fpinit.o
        10          0          0          0          0        116   fretinf.o
       316          0          0          0          0        132   funder_clz.o
        32          4          0          0          0        116   istatus.o
         4          0          0          0          0        116   printf1.o
       178          0          0          0          0        116   retnan.o
       126          0          0          0          0        148   trapv.o
         0          0          0          0          0          0   usenofp.o
       280         46          0          0          0        176   acosf.o
       300         42          0          0          0        176   asinf.o
       592         90          0          0          0        184   atan2f.o
        20          0          0          0          0        124   fabs.o
        48          0          0          0          0        124   fpclassify.o
        38          0          0          0          0        116   fpclassifyf.o
        44         12          0          0          0        464   funder.o
       340         24         32          0          0        160   rredf.o
        62          0          0          0          0        136   sqrtf_full.o
       380         58          0          0          0        200   tanf.o

    ----------------------------------------------------------------------
     14676        858       2272         16        100      41346   Library Totals
        16          0          0          0          4          0   (incl. Padding)

    ----------------------------------------------------------------------

      Code (inc. data)   RO Data    RW Data    ZI Data      Debug   Library Name

      2718         84         12         16          0       9922   AHRS.lib
       236         24       2052          0          0      22264   arm_cortexM4lf_math.lib
      6082        390        176          0         96       4880   c_w.l
      3520         88          0          0          0       2420   g_wm.l
      2104        272         32          0          0       1860   m_wm.l

    ----------------------------------------------------------------------
     14676        858       2272         16        100      41346   Library Totals

    ----------------------------------------------------------------------

==============================================================================


      Code (inc. data)   RO Data    RW Data    ZI Data      Debug   

     71264       3474       3748        512      91512    1250309   Grand Totals
     71264       3474       3748        104      91512    1250309   ELF Image Totals (compressed)
     71264       3474       3748        104          0          0   ROM Totals

==============================================================================

    Total RO  Size (Code + RO Data)                75012 (  73.25kB)
    Total RW  Size (RW Data + ZI Data)             92024 (  89.87kB)
    Total ROM Size (Code + RO Data + RW Data)      75116 (  73.36kB)

==============================================================================

